Product: MDK-ARM Professional 5.10
Component: ARM Compiler 5.04 update 1 (build 49)
Tool: armlink [5040049]

==============================================================================

Section Cross References

    retarget.o(.text) refers to serial.o(.text) for send_char
    startup.o(RESET) refers to swi_interrup.o(SWI_Area) for T_SWI_Handler
    startup.o(RESET) refers to startup.o(STACK) for Stack_Top
    startup.o(RESET) refers to entry.o(.ARM.Collect$$$$00000000) for __main
    lcd_4bit.o(.text) refers to lcd_4bit.o(.constdata) for UserFont
    serial.o(.text) refers to bsp.o(.text) for BSP_onKeyboardInput
    serial.o(.text) refers to serial.o(.data) for keystroke
    timer.o(.text) refers to timer.o(.data) for clock_1s
    adc.o(.text) refers to bsp.o(.text) for BSP_C
    adc.o(.text) refers to adc.o(.data) for AD_last
    bsp.o(.text) refers to memseta.o(.text) for __aeabi_memset
    bsp.o(.text) refers to strcpy.o(.text) for strcpy
    bsp.o(.text) refers to lcd_4bit.o(.text) for set_cursor
    bsp.o(.text) refers to printfa.o(i.__0printf) for __2printf
    bsp.o(.text) refers to timer.o(.text) for Timer0_Init
    bsp.o(.text) refers to serial.o(.text) for init_serial
    bsp.o(.text) refers to adc.o(.text) for ADC_Init
    bsp.o(.text) refers to memmovea.o(.text) for __aeabi_memmove
    bsp.o(.text) refers to bsp.o(.bss) for display
    bsp.o(.text) refers to bsp.o(.data) for display_state
    bsp.o(.text) refers to strtod.o(i.strtod) for strtod
    bsp.o(.text) refers to dadd.o(.text) for __aeabi_dadd
    bsp.o(.text) refers to dmul.o(.text) for __aeabi_dmul
    bsp.o(.text) refers to cdcmple.o(.text) for __aeabi_cdcmple
    bsp.o(.text) refers to ddiv.o(.text) for __aeabi_ddiv
    bsp.o(.text) refers to printfa.o(i.__0sprintf) for __2sprintf
    bsp.o(.text) refers to retarget.o(.text) for _sys_exit
    bsp.o(.text) refers to retarget.o(.data) for __stdout
    main.o(.text) refers to qvanilla.o(.text) for QF_init
    main.o(.text) refers to calc.o(.text) for Calc_ctor
    main.o(.text) refers to qf_pool.o(.text) for QF_poolInit
    main.o(.text) refers to bsp.o(.text) for BSP_Init
    main.o(.text) refers to printfa.o(i.__0printf) for __2printf
    main.o(.text) refers to main.o(.bss) for l_calc
    main.o(.text) refers to main.o(.conststring) for .conststring
    calc.o(.text) refers to bsp.o(.text) for BSP_message
    calc.o(.text) refers to qhsm_top.o(.text) for QHsm_top
    calc.o(.text) refers to adc.o(.text) for ADC_IRQ_ENABLE
    calc.o(.text) refers to qa_ctor.o(.text) for QActive_ctor
    qfsm_dis.o(.text) refers to bsp.o(.text) for Q_onAssert
    qfsm_dis.o(.text) refers to qfsm_dis.o(.constdata) for Q_this_module_
    qfsm_dis.o(.text) refers to qep.o(.constdata) for QEP_reservedEvt_
    qfsm_ini.o(.text) refers to bsp.o(.text) for Q_onAssert
    qfsm_ini.o(.text) refers to qfsm_ini.o(.constdata) for vtbl
    qfsm_ini.o(.text) refers to qep.o(.constdata) for QEP_reservedEvt_
    qfsm_ini.o(.constdata) refers to qfsm_ini.o(.text) for QFsm_init_
    qfsm_ini.o(.constdata) refers to qfsm_dis.o(.text) for QFsm_dispatch_
    qhsm_dis.o(.text) refers to bsp.o(.text) for Q_onAssert
    qhsm_dis.o(.text) refers to qep.o(.constdata) for QEP_reservedEvt_
    qhsm_dis.o(.text) refers to qhsm_dis.o(.constdata) for Q_this_module_
    qhsm_in.o(.text) refers to bsp.o(.text) for Q_onAssert
    qhsm_in.o(.text) refers to qhsm_in.o(.constdata) for Q_this_module_
    qhsm_in.o(.text) refers to qep.o(.constdata) for QEP_reservedEvt_
    qhsm_ini.o(.text) refers to bsp.o(.text) for Q_onAssert
    qhsm_ini.o(.text) refers to qhsm_ini.o(.constdata) for vtbl
    qhsm_ini.o(.text) refers to qhsm_top.o(.text) for QHsm_top
    qhsm_ini.o(.text) refers to qep.o(.constdata) for QEP_reservedEvt_
    qhsm_ini.o(.constdata) refers to qhsm_ini.o(.text) for QHsm_init_
    qhsm_ini.o(.constdata) refers to qhsm_dis.o(.text) for QHsm_dispatch_
    qmsm_dis.o(.text) refers to bsp.o(.text) for Q_onAssert
    qmsm_dis.o(.text) refers to qmsm_dis.o(.constdata) for Q_this_module_
    qmsm_ini.o(.text) refers to bsp.o(.text) for Q_onAssert
    qmsm_ini.o(.text) refers to qmsm_dis.o(.text) for QMsm_execTatbl_
    qmsm_ini.o(.text) refers to qmsm_ini.o(.constdata) for vtbl
    qmsm_ini.o(.constdata) refers to qmsm_ini.o(.text) for QMsm_init_
    qmsm_ini.o(.constdata) refers to qmsm_dis.o(.text) for QMsm_dispatch_
    qa_ctor.o(.text) refers to qhsm_ini.o(.text) for QHsm_ctor
    qa_ctor.o(.text) refers to qa_ctor.o(.constdata) for vtbl
    qa_ctor.o(.constdata) refers to qhsm_ini.o(.text) for QHsm_init_
    qa_ctor.o(.constdata) refers to qhsm_dis.o(.text) for QHsm_dispatch_
    qa_ctor.o(.constdata) refers to qvanilla.o(.text) for QActive_start_
    qa_ctor.o(.constdata) refers to qa_fifo.o(.text) for QActive_post_
    qa_ctor.o(.constdata) refers to qa_lifo.o(.text) for QActive_postLIFO_
    qa_defer.o(.text) refers to qeq_fifo.o(.text) for QEQueue_post
    qa_defer.o(.text) refers to qeq_get.o(.text) for QEQueue_get
[...]
    printf1.o(i.__0printf$1) refers to retarget.o(.text) for fputc
    printf1.o(i.__0printf$1) refers to retarget.o(.data) for __stdout
    printf1.o(i.__0snprintf$1) refers to printf1.o(i._printf_core) for _printf_core
    printf1.o(i.__0snprintf$1) refers to printf1.o(i._snputc) for _snputc
    printf1.o(i.__0sprintf$1) refers to printf1.o(i._printf_core) for _printf_core
    printf1.o(i.__0sprintf$1) refers to printf1.o(i._sputc) for _sputc
    printf1.o(i.__0vfprintf$1) refers to printf1.o(i._printf_core) for _printf_core
    printf1.o(i.__0vfprintf$1) refers to retarget.o(.text) for fputc
    printf1.o(i.__0vprintf$1) refers to printf1.o(i._printf_core) for _printf_core
    printf1.o(i.__0vprintf$1) refers to retarget.o(.text) for fputc
    printf1.o(i.__0vprintf$1) refers to retarget.o(.data) for __stdout
    printf1.o(i.__0vsnprintf$1) refers to printf1.o(i._printf_core) for _printf_core
    printf1.o(i.__0vsnprintf$1) refers to printf1.o(i._snputc) for _snputc
    printf1.o(i.__0vsprintf$1) refers to printf1.o(i._printf_core) for _printf_core
    printf1.o(i.__0vsprintf$1) refers to printf1.o(i._sputc) for _sputc
    printf1.o(i._printf_core) refers to printf1.o(i.__ARM_common_call_via_r2) for __ARM_common_call_via_r2
    printf1.o(i._printf_core) refers to uidiv.o(.text) for __aeabi_uidivmod
    printf2.o(i.__0fprintf$2) refers to printf2.o(i._printf_core) for _printf_core
    printf2.o(i.__0fprintf$2) refers to retarget.o(.text) for fputc
    printf2.o(i.__0printf$2) refers to printf2.o(i._printf_core) for _printf_core
    printf2.o(i.__0printf$2) refers to retarget.o(.text) for fputc
    printf2.o(i.__0printf$2) refers to retarget.o(.data) for __stdout
    printf2.o(i.__0snprintf$2) refers to printf2.o(i._printf_core) for _printf_core
    printf2.o(i.__0snprintf$2) refers to printf2.o(i._snputc) for _snputc
    printf2.o(i.__0sprintf$2) refers to printf2.o(i._printf_core) for _printf_core
    printf2.o(i.__0sprintf$2) refers to printf2.o(i._sputc) for _sputc
    printf2.o(i.__0vfprintf$2) refers to printf2.o(i._printf_core) for _printf_core
    printf2.o(i.__0vfprintf$2) refers to retarget.o(.text) for fputc
    printf2.o(i.__0vprintf$2) refers to printf2.o(i._printf_core) for _printf_core
    printf2.o(i.__0vprintf$2) refers to retarget.o(.text) for fputc
    printf2.o(i.__0vprintf$2) refers to retarget.o(.data) for __stdout
    printf2.o(i.__0vsnprintf$2) refers to printf2.o(i._printf_core) for _printf_core
    printf2.o(i.__0vsnprintf$2) refers to printf2.o(i._snputc) for _snputc
    printf2.o(i.__0vsprintf$2) refers to printf2.o(i._printf_core) for _printf_core
    printf2.o(i.__0vsprintf$2) refers to printf2.o(i._sputc) for _sputc
    printf2.o(i._printf_core) refers to printf1.o(i.__ARM_common_call_via_r2) for __ARM_common_call_via_r2
    printf3.o(i.__0fprintf$3) refers to printf3.o(i._printf_core) for _printf_core
    printf3.o(i.__0fprintf$3) refers to retarget.o(.text) for fputc
    printf3.o(i.__0printf$3) refers to printf3.o(i._printf_core) for _printf_core
    printf3.o(i.__0printf$3) refers to retarget.o(.text) for fputc
    printf3.o(i.__0printf$3) refers to retarget.o(.data) for __stdout
    printf3.o(i.__0snprintf$3) refers to printf3.o(i._printf_core) for _printf_core
    printf3.o(i.__0snprintf$3) refers to printf3.o(i._snputc) for _snputc
    printf3.o(i.__0sprintf$3) refers to printf3.o(i._printf_core) for _printf_core
    printf3.o(i.__0sprintf$3) refers to printf3.o(i._sputc) for _sputc
    printf3.o(i.__0vfprintf$3) refers to printf3.o(i._printf_core) for _printf_core
    printf3.o(i.__0vfprintf$3) refers to retarget.o(.text) for fputc
    printf3.o(i.__0vprintf$3) refers to printf3.o(i._printf_core) for _printf_core
    printf3.o(i.__0vprintf$3) refers to retarget.o(.text) for fputc
    printf3.o(i.__0vprintf$3) refers to retarget.o(.data) for __stdout
    printf3.o(i.__0vsnprintf$3) refers to printf3.o(i._printf_core) for _printf_core
    printf3.o(i.__0vsnprintf$3) refers to printf3.o(i._snputc) for _snputc
    printf3.o(i.__0vsprintf$3) refers to printf3.o(i._printf_core) for _printf_core
    printf3.o(i.__0vsprintf$3) refers to printf3.o(i._sputc) for _sputc
    printf3.o(i._printf_core) refers to printf1.o(i.__ARM_common_call_via_r2) for __ARM_common_call_via_r2
    printf3.o(i._printf_core) refers to uidiv.o(.text) for __aeabi_uidivmod
    printf4.o(i.__0fprintf$4) refers to printf4.o(i._printf_core) for _printf_core
    printf4.o(i.__0fprintf$4) refers to retarget.o(.text) for fputc
    printf4.o(i.__0printf$4) refers to printf4.o(i._printf_core) for _printf_core
    printf4.o(i.__0printf$4) refers to retarget.o(.text) for fputc
    printf4.o(i.__0printf$4) refers to retarget.o(.data) for __stdout
    printf4.o(i.__0snprintf$4) refers to printf4.o(i._printf_core) for _printf_core
    printf4.o(i.__0snprintf$4) refers to printf4.o(i._snputc) for _snputc
    printf4.o(i.__0sprintf$4) refers to printf4.o(i._printf_core) for _printf_core
    printf4.o(i.__0sprintf$4) refers to printf4.o(i._sputc) for _sputc
    printf4.o(i.__0vfprintf$4) refers to printf4.o(i._printf_core) for _printf_core
    printf4.o(i.__0vfprintf$4) refers to retarget.o(.text) for fputc
    printf4.o(i.__0vprintf$4) refers to printf4.o(i._printf_core) for _printf_core
    printf4.o(i.__0vprintf$4) refers to retarget.o(.text) for fputc
    printf4.o(i.__0vprintf$4) refers to retarget.o(.data) for __stdout
    printf4.o(i.__0vsnprintf$4) refers to printf4.o(i._printf_core) for _printf_core
    printf4.o(i.__0vsnprintf$4) refers to printf4.o(i._snputc) for _snputc
    printf4.o(i.__0vsprintf$4) refers to printf4.o(i._printf_core) for _printf_core
    printf4.o(i.__0vsprintf$4) refers to printf4.o(i._sputc) for _sputc
    printf4.o(i._printf_core) refers to printf1.o(i.__ARM_common_call_via_r2) for __ARM_common_call_via_r2
    printf4.o(i._printf_core) refers to uldiv.o(.text) for __aeabi_uldivmod
    printf5.o(i.__0fprintf$5) refers to printf5.o(i._printf_core) for _printf_core
    printf5.o(i.__0fprintf$5) refers to retarget.o(.text) for fputc
    printf5.o(i.__0printf$5) refers to printf5.o(i._printf_core) for _printf_core
    printf5.o(i.__0printf$5) refers to retarget.o(.text) for fputc
    printf5.o(i.__0printf$5) refers to retarget.o(.data) for __stdout
    printf5.o(i.__0snprintf$5) refers to printf5.o(i._printf_core) for _printf_core
    printf5.o(i.__0snprintf$5) refers to printf5.o(i._snputc) for _snputc
    printf5.o(i.__0sprintf$5) refers to printf5.o(i._printf_core) for _printf_core
    printf5.o(i.__0sprintf$5) refers to printf5.o(i._sputc) for _sputc
    printf5.o(i.__0vfprintf$5) refers to printf5.o(i._printf_core) for _printf_core
    printf5.o(i.__0vfprintf$5) refers to retarget.o(.text) for fputc
    printf5.o(i.__0vprintf$5) refers to printf5.o(i._printf_core) for _printf_core
    printf5.o(i.__0vprintf$5) refers to retarget.o(.text) for fputc
    printf5.o(i.__0vprintf$5) refers to retarget.o(.data) for __stdout
    printf5.o(i.__0vsnprintf$5) refers to printf5.o(i._printf_core) for _printf_core
    printf5.o(i.__0vsnprintf$5) refers to printf5.o(i._snputc) for _snputc
    printf5.o(i.__0vsprintf$5) refers to printf5.o(i._printf_core) for _printf_core
    printf5.o(i.__0vsprintf$5) refers to printf5.o(i._sputc) for _sputc
    printf5.o(i._printf_core) refers to printf1.o(i.__ARM_common_call_via_r2) for __ARM_common_call_via_r2
    printf5.o(i._printf_core) refers to uldiv.o(.text) for __aeabi_uldivmod
    printf6.o(i.__0fprintf$6) refers to printf6.o(i._printf_core) for _printf_core
    printf6.o(i.__0fprintf$6) refers to retarget.o(.text) for fputc
    printf6.o(i.__0printf$6) refers to printf6.o(i._printf_core) for _printf_core
    printf6.o(i.__0printf$6) refers to retarget.o(.text) for fputc
    printf6.o(i.__0printf$6) refers to retarget.o(.data) for __stdout
    printf6.o(i.__0snprintf$6) refers to printf6.o(i._printf_core) for _printf_core
    printf6.o(i.__0snprintf$6) refers to printf6.o(i._snputc) for _snputc
    printf6.o(i.__0sprintf$6) refers to printf6.o(i._printf_core) for _printf_core
    printf6.o(i.__0sprintf$6) refers to printf6.o(i._sputc) for _sputc
    printf6.o(i.__0vfprintf$6) refers to printf6.o(i._printf_core) for _printf_core
    printf6.o(i.__0vfprintf$6) refers to retarget.o(.text) for fputc
    printf6.o(i.__0vprintf$6) refers to printf6.o(i._printf_core) for _printf_core
    printf6.o(i.__0vprintf$6) refers to retarget.o(.text) for fputc
    printf6.o(i.__0vprintf$6) refers to retarget.o(.data) for __stdout
    printf6.o(i.__0vsnprintf$6) refers to printf6.o(i._printf_core) for _printf_core
    printf6.o(i.__0vsnprintf$6) refers to printf6.o(i._snputc) for _snputc
    printf6.o(i.__0vsprintf$6) refers to printf6.o(i._printf_core) for _printf_core
    printf6.o(i.__0vsprintf$6) refers to printf6.o(i._sputc) for _sputc
    printf6.o(i._printf_core) refers to printf1.o(i.__ARM_common_call_via_r2) for __ARM_common_call_via_r2
    printf6.o(i._printf_core) refers to printf6.o(i._printf_pre_padding) for _printf_pre_padding
    printf6.o(i._printf_core) refers to printf6.o(i._printf_post_padding) for _printf_post_padding
    printf6.o(i._printf_core) refers to uidiv.o(.text) for __aeabi_uidivmod
    printf6.o(i._printf_post_padding) refers to printfb.o(i.__ARM_common_call_via_r6) for __ARM_common_call_via_r6
    printf6.o(i._printf_pre_padding) refers to printfb.o(i.__ARM_common_call_via_r6) for __ARM_common_call_via_r6
    printf7.o(i.__0fprintf$7) refers to printf7.o(i._printf_core) for _printf_core
    printf7.o(i.__0fprintf$7) refers to retarget.o(.text) for fputc
    printf7.o(i.__0printf$7) refers to printf7.o(i._printf_core) for _printf_core
    printf7.o(i.__0printf$7) refers to retarget.o(.text) for fputc
    printf7.o(i.__0printf$7) refers to retarget.o(.data) for __stdout
    printf7.o(i.__0snprintf$7) refers to printf7.o(i._printf_core) for _printf_core
    printf7.o(i.__0snprintf$7) refers to printf7.o(i._snputc) for _snputc
    printf7.o(i.__0sprintf$7) refers to printf7.o(i._printf_core) for _printf_core
    printf7.o(i.__0sprintf$7) refers to printf7.o(i._sputc) for _sputc
    printf7.o(i.__0vfprintf$7) refers to printf7.o(i._printf_core) for _printf_core
    printf7.o(i.__0vfprintf$7) refers to retarget.o(.text) for fputc
    printf7.o(i.__0vprintf$7) refers to printf7.o(i._printf_core) for _printf_core
    printf7.o(i.__0vprintf$7) refers to retarget.o(.text) for fputc
    printf7.o(i.__0vprintf$7) refers to retarget.o(.data) for __stdout
    printf7.o(i.__0vsnprintf$7) refers to printf7.o(i._printf_core) for _printf_core
    printf7.o(i.__0vsnprintf$7) refers to printf7.o(i._snputc) for _snputc
    printf7.o(i.__0vsprintf$7) refers to printf7.o(i._printf_core) for _printf_core
    printf7.o(i.__0vsprintf$7) refers to printf7.o(i._sputc) for _sputc
    printf7.o(i._printf_core) refers to printf1.o(i.__ARM_common_call_via_r2) for __ARM_common_call_via_r2
    printf7.o(i._printf_core) refers to printf7.o(i._printf_pre_padding) for _printf_pre_padding
    printf7.o(i._printf_core) refers to printf7.o(i._printf_post_padding) for _printf_post_padding
    printf7.o(i._printf_core) refers to uldiv.o(.text) for __aeabi_uldivmod
    printf7.o(i._printf_post_padding) refers to printfb.o(i.__ARM_common_call_via_r6) for __ARM_common_call_via_r6
    printf7.o(i._printf_pre_padding) refers to printfb.o(i.__ARM_common_call_via_r6) for __ARM_common_call_via_r6
    printf8.o(i.__0fprintf$8) refers to printf8.o(i._printf_core) for _printf_core
    printf8.o(i.__0fprintf$8) refers to retarget.o(.text) for fputc
    printf8.o(i.__0printf$8) refers to printf8.o(i._printf_core) for _printf_core
    printf8.o(i.__0printf$8) refers to retarget.o(.text) for fputc
    printf8.o(i.__0printf$8) refers to retarget.o(.data) for __stdout
    printf8.o(i.__0snprintf$8) refers to printf8.o(i._printf_core) for _printf_core
    printf8.o(i.__0snprintf$8) refers to printf8.o(i._snputc) for _snputc
    printf8.o(i.__0sprintf$8) refers to printf8.o(i._printf_core) for _printf_core
    printf8.o(i.__0sprintf$8) refers to printf8.o(i._sputc) for _sputc
    printf8.o(i.__0vfprintf$8) refers to printf8.o(i._printf_core) for _printf_core
    printf8.o(i.__0vfprintf$8) refers to retarget.o(.text) for fputc
    printf8.o(i.__0vprintf$8) refers to printf8.o(i._printf_core) for _printf_core
    printf8.o(i.__0vprintf$8) refers to retarget.o(.text) for fputc
    printf8.o(i.__0vprintf$8) refers to retarget.o(.data) for __stdout
    printf8.o(i.__0vsnprintf$8) refers to printf8.o(i._printf_core) for _printf_core
    printf8.o(i.__0vsnprintf$8) refers to printf8.o(i._snputc) for _snputc
    printf8.o(i.__0vsprintf$8) refers to printf8.o(i._printf_core) for _printf_core
    printf8.o(i.__0vsprintf$8) refers to printf8.o(i._sputc) for _sputc
    printf8.o(i._printf_core) refers to printf1.o(i.__ARM_common_call_via_r2) for __ARM_common_call_via_r2
    printf8.o(i._printf_core) refers to printf8.o(i._printf_pre_padding) for _printf_pre_padding
    printf8.o(i._printf_core) refers to printf8.o(i._printf_post_padding) for _printf_post_padding
    printf8.o(i._printf_core) refers to uldiv.o(.text) for __aeabi_uldivmod
    printf8.o(i._printf_post_padding) refers to printfb.o(i.__ARM_common_call_via_r6) for __ARM_common_call_via_r6
    printf8.o(i._printf_pre_padding) refers to printfb.o(i.__ARM_common_call_via_r6) for __ARM_common_call_via_r6
    printfa.o(i.__0fprintf) refers (Special) to iusefp.o(.text) for __I$use$fp
    printfa.o(i.__0fprintf) refers to printfa.o(i._printf_core) for _printf_core
    printfa.o(i.__0fprintf) refers to retarget.o(.text) for fputc
    printfa.o(i.__0printf) refers (Special) to iusefp.o(.text) for __I$use$fp
    printfa.o(i.__0printf) refers to printfa.o(i._printf_core) for _printf_core
    printfa.o(i.__0printf) refers to retarget.o(.text) for fputc
    printfa.o(i.__0printf) refers to retarget.o(.data) for __stdout
    printfa.o(i.__0snprintf) refers (Special) to iusefp.o(.text) for __I$use$fp
    printfa.o(i.__0snprintf) refers to printfa.o(i._printf_core) for _printf_core
    printfa.o(i.__0snprintf) refers to printfa.o(i._snputc) for _snputc
    printfa.o(i.__0sprintf) refers (Special) to iusefp.o(.text) for __I$use$fp
    printfa.o(i.__0sprintf) refers to printfa.o(i._printf_core) for _printf_core
    printfa.o(i.__0sprintf) refers to printfa.o(i._sputc) for _sputc
    printfa.o(i.__0vfprintf) refers (Special) to iusefp.o(.text) for __I$use$fp
    printfa.o(i.__0vfprintf) refers to printfa.o(i._printf_core) for _printf_core
    printfa.o(i.__0vfprintf) refers to retarget.o(.text) for fputc
    printfa.o(i.__0vprintf) refers (Special) to iusefp.o(.text) for __I$use$fp
    printfa.o(i.__0vprintf) refers to printfa.o(i._printf_core) for _printf_core
    printfa.o(i.__0vprintf) refers to retarget.o(.text) for fputc
    printfa.o(i.__0vprintf) refers to retarget.o(.data) for __stdout
    printfa.o(i.__0vsnprintf) refers (Special) to iusefp.o(.text) for __I$use$fp
    printfa.o(i.__0vsnprintf) refers to printfa.o(i._printf_core) for _printf_core
    printfa.o(i.__0vsnprintf) refers to printfa.o(i._snputc) for _snputc
    printfa.o(i.__0vsprintf) refers (Special) to iusefp.o(.text) for __I$use$fp
    printfa.o(i.__0vsprintf) refers to printfa.o(i._printf_core) for _printf_core
    printfa.o(i.__0vsprintf) refers to printfa.o(i._sputc) for _sputc
    printfa.o(i._fp_digits) refers (Special) to iusefp.o(.text) for __I$use$fp
    printfa.o(i._fp_digits) refers to dmul.o(.text) for __aeabi_dmul
    printfa.o(i._fp_digits) refers to ddiv.o(.text) for __aeabi_ddiv
    printfa.o(i._fp_digits) refers to cdrcmple.o(.text) for __aeabi_cdrcmple
    printfa.o(i._fp_digits) refers to dadd.o(.text) for __aeabi_dadd
    printfa.o(i._fp_digits) refers to dfixul.o(.text) for __aeabi_d2ulz
    printfa.o(i._fp_digits) refers to uldiv.o(.text) for __aeabi_uldivmod
    printfa.o(i._printf_core) refers (Special) to iusefp.o(.text) for __I$use$fp
    printfa.o(i._printf_core) refers to printf1.o(i.__ARM_common_call_via_r2) for __ARM_common_call_via_r2
    printfa.o(i._printf_core) refers to printfa.o(i._printf_pre_padding) for _printf_pre_padding
    printfa.o(i._printf_core) refers to uldiv.o(.text) for __aeabi_uldivmod
    printfa.o(i._printf_core) refers to printfa.o(i._printf_post_padding) for _printf_post_padding
    printfa.o(i._printf_core) refers to printfa.o(i._fp_digits) for _fp_digits
    printfa.o(i._printf_core) refers to uidiv.o(.text) for __aeabi_uidivmod
    printfa.o(i._printf_post_padding) refers (Special) to iusefp.o(.text) for __I$use$fp
    printfa.o(i._printf_post_padding) refers to printfb.o(i.__ARM_common_call_via_r6) for __ARM_common_call_via_r6
    printfa.o(i._printf_pre_padding) refers (Special) to iusefp.o(.text) for __I$use$fp
    printfa.o(i._printf_pre_padding) refers to printfb.o(i.__ARM_common_call_via_r6) for __ARM_common_call_via_r6
    printfa.o(i._snputc) refers (Special) to iusefp.o(.text) for __I$use$fp
    printfa.o(i._sputc) refers (Special) to iusefp.o(.text) for __I$use$fp
    dadd.o(.text) refers (Special) to iusefp.o(.text) for __I$use$fp
    dadd.o(.text) refers to llshl.o(.text) for __aeabi_llsl
    dadd.o(.text) refers to llsshr.o(.text) for __aeabi_lasr
    dadd.o(.text) refers to depilogue.o(.text) for _double_epilogue
    dmul.o(.text) refers (Special) to iusefp.o(.text) for __I$use$fp
    dmul.o(.text) refers to depilogue.o(.text) for _double_epilogue
    ddiv.o(.text) refers (Special) to iusefp.o(.text) for __I$use$fp
    ddiv.o(.text) refers to depilogue.o(.text) for _double_round
    cdcmple.o(.text) refers (Special) to iusefp.o(.text) for __I$use$fp
    entry2.o(.ARM.Collect$$$$00000001) refers to entry2.o(.ARM.Collect$$$$00002712) for __lit__00000000
    entry2.o(.ARM.Collect$$$$00002712) refers to startup.o(STACK) for __initial_sp
    entry5.o(.ARM.Collect$$$$00000004) refers to init.o(.text) for __scatterload
    entry9a.o(.ARM.Collect$$$$0000000B) refers to main.o(.text) for main
    entry9b.o(.ARM.Collect$$$$0000000C) refers to main.o(.text) for main
    uldiv.o(.text) refers to llushr.o(.text) for __aeabi_llsr
    uldiv.o(.text) refers to llshl.o(.text) for __aeabi_llsl
    strtod.o(.text) refers to scanf_fp.o(.text) for _scanf_real
    strtod.o(.text) refers to _sgetc.o(.text) for _sgetc
    strtod.o(.text) refers to isspace_c.o(.text) for isspace
    depilogue.o(.text) refers to depilogue.o(i.__ARM_clz) for __ARM_clz
    depilogue.o(.text) refers to llshl.o(.text) for __aeabi_llsl
    depilogue.o(.text) refers to llushr.o(.text) for __aeabi_llsr
    dfixul.o(.text) refers to llushr.o(.text) for __aeabi_llsr
    dfixul.o(.text) refers to llshl.o(.text) for __aeabi_llsl
    init.o(.text) refers to init.o(i.__ARM_common_call_via_r3) for __ARM_common_call_via_r3
    init.o(.text) refers to entry5.o(.ARM.Collect$$$$00000004) for __main_after_scatterload
    isspace_c.o(.text) refers to ctype_c.o(.text) for __ctype_lookup
    scanf_fp.o(.text) refers (Special) to iusefp.o(.text) for __I$use$fp
    scanf_fp.o(.text) refers to llmul.o(.text) for __aeabi_lmul
    scanf_fp.o(.text) refers to dfltul.o(.text) for __aeabi_ul2d
    scanf_fp.o(.text) refers to dmul.o(.text) for __aeabi_dmul
    scanf_fp.o(.text) refers to ddiv.o(.text) for __aeabi_ddiv
    scanf_fp.o(.text) refers to scanf_fp.o(i.__ARM_common_call_via_r1) for __ARM_common_call_via_r1
    scanf_fp.o(.text) refers to scanf_fp.o(i._is_digit) for _is_digit
    scanf_fp.o(.text) refers to d2f.o(.text) for __aeabi_d2f
    llmul.o(.text) refers to llshl.o(.text) for __aeabi_llsl
    ctype_c.o(.text) refers to ctype_c.o(.constdata) for .constdata
    dfltul.o(.text) refers to depilogue.o(.text) for _double_epilogue
    d2f.o(.text) refers to fepilogue.o(.text) for _float_round
    scanf_fp.o(i._is_digit) refers (Special) to iusefp.o(.text) for __I$use$fp
    scanf_fp.o(i.__ARM_common_call_via_r1) refers (Special) to iusefp.o(.text) for __I$use$fp


==============================================================================

Removing Unused input sections from the image.

    Removing startup.o(HEAP), (2048 bytes).
    Removing led.o(.text), (108 bytes).
    Removing qfsm_dis.o(.text), (156 bytes).
    Removing qfsm_dis.o(.constdata), (9 bytes).
    Removing qfsm_ini.o(.text), (180 bytes).
    Removing qfsm_ini.o(.constdata), (20 bytes).
    Removing qhsm_in.o(.text), (136 bytes).
    Removing qhsm_in.o(.constdata), (8 bytes).
    Removing qmsm_dis.o(.text), (908 bytes).
    Removing qmsm_dis.o(.constdata), (9 bytes).
    Removing qmsm_in.o(.text), (56 bytes).
    Removing qmsm_ini.o(.text), (200 bytes).
    Removing qmsm_ini.o(.constdata), (40 bytes).
    Removing qa_defer.o(.text), (184 bytes).
    Removing qa_defer.o(.constdata), (9 bytes).
    Removing qa_sub.o(.text), (180 bytes).
    Removing qa_sub.o(.constdata), (7 bytes).
    Removing qa_usub.o(.text), (180 bytes).
    Removing qa_usub.o(.constdata), (8 bytes).
    Removing qa_usuba.o(.text), (220 bytes).
    Removing qa_usuba.o(.constdata), (9 bytes).
    Removing qeq_fifo.o(.text), (224 bytes).
    Removing qeq_fifo.o(.constdata), (9 bytes).
    Removing qeq_get.o(.text), (164 bytes).
    Removing qeq_get.o(.constdata), (8 bytes).
    Removing qeq_lifo.o(.text), (172 bytes).
    Removing qeq_lifo.o(.constdata), (9 bytes).
    Removing qf_new.o(.text), (212 bytes).
    Removing qf_new.o(.constdata), (7 bytes).
    Removing qf_psini.o(.text), (56 bytes).
    Removing qf_psini.o(.data), (8 bytes).
    Removing qf_pspub.o(.text), (244 bytes).
    Removing qf_pspub.o(.constdata), (9 bytes).
    Removing qf_tick.o(.text), (424 bytes).
    Removing qf_tick.o(.constdata), (8 bytes).
    Removing qma_ctor.o(.text), (44 bytes).
    Removing qma_ctor.o(.constdata), (20 bytes).
    Removing qmp_get.o(.text), (320 bytes).
    Removing qmp_get.o(.constdata), (8 bytes).
    Removing qte_arm.o(.text), (180 bytes).
    Removing qte_arm.o(.constdata), (8 bytes).
    Removing qte_ctor.o(.text), (96 bytes).
    Removing qte_ctor.o(.constdata), (9 bytes).
    Removing qte_ctr.o(.text), (32 bytes).
    Removing qte_darm.o(.text), (60 bytes).
    Removing qte_rarm.o(.text), (188 bytes).
    Removing qte_rarm.o(.constdata), (9 bytes).

47 unused section(s) (total 7203 bytes) removed from the image.

==============================================================================

Adding Veneers to the image

    Adding AT veneer (8 bytes, Inline) for call to '__aeabi_memmove' from bsp.o(.text).
    Adding AT veneer (8 bytes, Inline) for call to '__aeabi_memset' from bsp.o(.text).
    Adding AT veneer (8 bytes, Inline) for call to 'strcpy' from bsp.o(.text).
    Adding AT veneer (8 bytes, Inline) for call to '__aeabi_dadd' from bsp.o(.text).
    Adding AT veneer (8 bytes, Inline) for call to '__aeabi_dmul' from bsp.o(.text).
    Adding AT veneer (8 bytes, Inline) for call to '__aeabi_ddiv' from bsp.o(.text).
    Adding AT veneer (8 bytes, Inline) for call to '__aeabi_cdcmple' from bsp.o(.text).
    Adding AT veneer (8 bytes, Inline) for call to '__strtod_int' from strtod.o(i.strtod).
    Adding AT veneer (8 bytes, Inline) for call to '__scatterload' from entry5.o(.ARM.Collect$$$$00000004).
    Adding AT veneer (12 bytes, Long) for call to '__aeabi_dsub' from bsp.o(.text).
    Adding TA veneer (8 bytes, Short) for call to '__main_after_scatterload' from init.o(.text).
    Adding AT veneer (8 bytes, Inline) for call to '__2printf' from bsp.o(.text).
    Adding AT veneer (8 bytes, Inline) for call to '__2sprintf' from bsp.o(.text).

13 Veneer(s) (total 108 bytes) added to the image.

==============================================================================

Image Symbol Table

    Local Symbols

    Symbol Name                              Value     Ov Type        Size  Object(Section)

    ../clib/microlib/ctype/ctype.c           0x00000000   Number         0  ctype_c.o ABSOLUTE
    ../clib/microlib/ctype/ctype.c           0x00000000   Number         0  isspace_c.o ABSOLUTE
    ../clib/microlib/division.c              0x00000000   Number         0  uldiv.o ABSOLUTE
    ../clib/microlib/division.c              0x00000000   Number         0  uidiv.o ABSOLUTE
    ../clib/microlib/init/entry.s            0x00000000   Number         0  entry10a.o ABSOLUTE
    ../clib/microlib/init/entry.s            0x00000000   Number         0  entry10b.o ABSOLUTE
    ../clib/microlib/init/entry.s            0x00000000   Number         0  entry11a.o ABSOLUTE
    ../clib/microlib/init/entry.s            0x00000000   Number         0  entry8b.o ABSOLUTE
    ../clib/microlib/init/entry.s            0x00000000   Number         0  entry2.o ABSOLUTE
    ../clib/microlib/init/entry.s            0x00000000   Number         0  entry9b.o ABSOLUTE
    ../clib/microlib/init/entry.s            0x00000000   Number         0  entry11b.o ABSOLUTE
    ../clib/microlib/init/entry.s            0x00000000   Number         0  entry8a.o ABSOLUTE
    ../clib/microlib/init/entry.s            0x00000000   Number         0  entry5.o ABSOLUTE
    ../clib/microlib/init/entry.s            0x00000000   Number         0  entry9a.o ABSOLUTE
    ../clib/microlib/init/entry.s            0x00000000   Number         0  entry7b.o ABSOLUTE
    ../clib/microlib/init/entry.s            0x00000000   Number         0  entry7a.o ABSOLUTE
    ../clib/microlib/init/entry.s            0x00000000   Number         0  entry.o ABSOLUTE
    ../clib/microlib/longlong.c              0x00000000   Number         0  llshl.o ABSOLUTE
    ../clib/microlib/longlong.c              0x00000000   Number         0  llsshr.o ABSOLUTE
    ../clib/microlib/longlong.c              0x00000000   Number         0  llmul.o ABSOLUTE
    ../clib/microlib/longlong.c              0x00000000   Number         0  llushr.o ABSOLUTE
    ../clib/microlib/printf/printf.c         0x00000000   Number         0  printf1.o ABSOLUTE
    ../clib/microlib/printf/printf.c         0x00000000   Number         0  printf6.o ABSOLUTE
    ../clib/microlib/printf/printf.c         0x00000000   Number         0  printfa.o ABSOLUTE
    ../clib/microlib/printf/printf.c         0x00000000   Number         0  printf2.o ABSOLUTE
    ../clib/microlib/printf/printf.c         0x00000000   Number         0  printf4.o ABSOLUTE
    ../clib/microlib/printf/printf.c         0x00000000   Number         0  printf3.o ABSOLUTE
    ../clib/microlib/printf/printf.c         0x00000000   Number         0  printf5.o ABSOLUTE
    ../clib/microlib/printf/printf.c         0x00000000   Number         0  printf7.o ABSOLUTE
    ../clib/microlib/printf/printf.c         0x00000000   Number         0  printf8.o ABSOLUTE
    ../clib/microlib/printf/printf.c         0x00000000   Number         0  printf0.o ABSOLUTE
    ../clib/microlib/printf/printf.c         0x00000000   Number         0  printfb.o ABSOLUTE
    ../clib/microlib/printf/stubs.s          0x00000000   Number         0  stubs.o ABSOLUTE
    ../clib/microlib/stdio/fflush.c          0x00000000   Number         0  fflush.o ABSOLUTE
    ../clib/microlib/string/memcpy.c         0x00000000   Number         0  memmoveb.o ABSOLUTE
    ../clib/microlib/string/memcpy.c         0x00000000   Number         0  memmovea.o ABSOLUTE
    ../clib/microlib/string/memset.c         0x00000000   Number         0  memseta.o ABSOLUTE
    ../clib/microlib/string/strcpy.c         0x00000000   Number         0  strcpy.o ABSOLUTE
    ../clib/microlib/stubs.s                 0x00000000   Number         0  iusefp.o ABSOLUTE
    ../clib/microlib/stubs.s                 0x00000000   Number         0  useno.o ABSOLUTE
    ../clib/scanf.c                          0x00000000   Number         0  strtod.o ABSOLUTE
    ../clib/scanf.c                          0x00000000   Number         0  scanf_fp.o ABSOLUTE
    ../clib/scanf.c                          0x00000000   Number         0  _sgetc.o ABSOLUTE
    ../fplib/microlib/d2f.c                  0x00000000   Number         0  d2f.o ABSOLUTE
    ../fplib/microlib/fpadd.c                0x00000000   Number         0  dadd.o ABSOLUTE
    ../fplib/microlib/fpdiv.c                0x00000000   Number         0  ddiv.o ABSOLUTE
    ../fplib/microlib/fpepilogue.c           0x00000000   Number         0  depilogue.o ABSOLUTE
    ../fplib/microlib/fpepilogue.c           0x00000000   Number         0  fepilogue.o ABSOLUTE
    ../fplib/microlib/fpfix.c                0x00000000   Number         0  dfixul.o ABSOLUTE
    ../fplib/microlib/fpflt.c                0x00000000   Number         0  dfltul.o ABSOLUTE
    ../fplib/microlib/fpmul.c                0x00000000   Number         0  dmul.o ABSOLUTE
    ../mathlib/strtod.c                      0x00000000   Number         0  strtod.o ABSOLUTE
    ..\..\..\..\..\..\..\Framewworks\Quantum\qpc_5.3.1\qpc\qep\source\qep.c 0x00000000   Number         0  qep.o ABSOLUTE
    ..\..\..\..\..\..\..\Framewworks\Quantum\qpc_5.3.1\qpc\qep\source\qfsm_dis.c 0x00000000   Number         0  qfsm_dis.o ABSOLUTE
    ..\..\..\..\..\..\..\Framewworks\Quantum\qpc_5.3.1\qpc\qep\source\qfsm_ini.c 0x00000000   Number         0  qfsm_ini.o ABSOLUTE
    ..\..\..\..\..\..\..\Framewworks\Quantum\qpc_5.3.1\qpc\qep\source\qhsm_dis.c 0x00000000   Number         0  qhsm_dis.o ABSOLUTE
    ..\..\..\..\..\..\..\Framewworks\Quantum\qpc_5.3.1\qpc\qep\source\qhsm_in.c 0x00000000   Number         0  qhsm_in.o ABSOLUTE
    ..\..\..\..\..\..\..\Framewworks\Quantum\qpc_5.3.1\qpc\qep\source\qhsm_ini.c 0x00000000   Number         0  qhsm_ini.o ABSOLUTE
    ..\..\..\..\..\..\..\Framewworks\Quantum\qpc_5.3.1\qpc\qep\source\qhsm_top.c 0x00000000   Number         0  qhsm_top.o ABSOLUTE
    ..\..\..\..\..\..\..\Framewworks\Quantum\qpc_5.3.1\qpc\qep\source\qmsm_dis.c 0x00000000   Number         0  qmsm_dis.o ABSOLUTE
    ..\..\..\..\..\..\..\Framewworks\Quantum\qpc_5.3.1\qpc\qep\source\qmsm_in.c 0x00000000   Number         0  qmsm_in.o ABSOLUTE
    ..\..\..\..\..\..\..\Framewworks\Quantum\qpc_5.3.1\qpc\qep\source\qmsm_ini.c 0x00000000   Number         0  qmsm_ini.o ABSOLUTE
    ..\..\..\..\..\..\..\Framewworks\Quantum\qpc_5.3.1\qpc\qf\source\qa_ctor.c 0x00000000   Number         0  qa_ctor.o ABSOLUTE
    ..\..\..\..\..\..\..\Framewworks\Quantum\qpc_5.3.1\qpc\qf\source\qa_defer.c 0x00000000   Number         0  qa_defer.o ABSOLUTE
    ..\..\..\..\..\..\..\Framewworks\Quantum\qpc_5.3.1\qpc\qf\source\qa_fifo.c 0x00000000   Number         0  qa_fifo.o ABSOLUTE
    ..\..\..\..\..\..\..\Framewworks\Quantum\qpc_5.3.1\qpc\qf\source\qa_get_.c 0x00000000   Number         0  qa_get_.o ABSOLUTE
    ..\..\..\..\..\..\..\Framewworks\Quantum\qpc_5.3.1\qpc\qf\source\qa_lifo.c 0x00000000   Number         0  qa_lifo.o ABSOLUTE
    ..\..\..\..\..\..\..\Framewworks\Quantum\qpc_5.3.1\qpc\qf\source\qa_sub.c 0x00000000   Number         0  qa_sub.o ABSOLUTE
    ..\..\..\..\..\..\..\Framewworks\Quantum\qpc_5.3.1\qpc\qf\source\qa_usub.c 0x00000000   Number         0  qa_usub.o ABSOLUTE
    ..\..\..\..\..\..\..\Framewworks\Quantum\qpc_5.3.1\qpc\qf\source\qa_usuba.c 0x00000000   Number         0  qa_usuba.o ABSOLUTE
    ..\..\..\..\..\..\..\Framewworks\Quantum\qpc_5.3.1\qpc\qf\source\qeq_fifo.c 0x00000000   Number         0  qeq_fifo.o ABSOLUTE
    ..\..\..\..\..\..\..\Framewworks\Quantum\qpc_5.3.1\qpc\qf\source\qeq_get.c 0x00000000   Number         0  qeq_get.o ABSOLUTE
    ..\..\..\..\..\..\..\Framewworks\Quantum\qpc_5.3.1\qpc\qf\source\qeq_init.c 0x00000000   Number         0  qeq_init.o ABSOLUTE
    ..\..\..\..\..\..\..\Framewworks\Quantum\qpc_5.3.1\qpc\qf\source\qeq_lifo.c 0x00000000   Number         0  qeq_lifo.o ABSOLUTE
    ..\..\..\..\..\..\..\Framewworks\Quantum\qpc_5.3.1\qpc\qf\source\qf_act.c 0x00000000   Number         0  qf_act.o ABSOLUTE
    ..\..\..\..\..\..\..\Framewworks\Quantum\qpc_5.3.1\qpc\qf\source\qf_gc.c 0x00000000   Number         0  qf_gc.o ABSOLUTE
    ..\..\..\..\..\..\..\Framewworks\Quantum\qpc_5.3.1\qpc\qf\source\qf_log2.c 0x00000000   Number         0  qf_log2.o ABSOLUTE
    ..\..\..\..\..\..\..\Framewworks\Quantum\qpc_5.3.1\qpc\qf\source\qf_new.c 0x00000000   Number         0  qf_new.o ABSOLUTE
    ..\..\..\..\..\..\..\Framewworks\Quantum\qpc_5.3.1\qpc\qf\source\qf_pool.c 0x00000000   Number         0  qf_pool.o ABSOLUTE
    ..\..\..\..\..\..\..\Framewworks\Quantum\qpc_5.3.1\qpc\qf\source\qf_psini.c 0x00000000   Number         0  qf_psini.o ABSOLUTE
    ..\..\..\..\..\..\..\Framewworks\Quantum\qpc_5.3.1\qpc\qf\source\qf_pspub.c 0x00000000   Number         0  qf_pspub.o ABSOLUTE
    ..\..\..\..\..\..\..\Framewworks\Quantum\qpc_5.3.1\qpc\qf\source\qf_pwr2.c 0x00000000   Number         0  qf_pwr2.o ABSOLUTE
    ..\..\..\..\..\..\..\Framewworks\Quantum\qpc_5.3.1\qpc\qf\source\qf_tick.c 0x00000000   Number         0  qf_tick.o ABSOLUTE
    ..\..\..\..\..\..\..\Framewworks\Quantum\qpc_5.3.1\qpc\qf\source\qma_ctor.c 0x00000000   Number         0  qma_ctor.o ABSOLUTE
    ..\..\..\..\..\..\..\Framewworks\Quantum\qpc_5.3.1\qpc\qf\source\qmp_get.c 0x00000000   Number         0  qmp_get.o ABSOLUTE
    ..\..\..\..\..\..\..\Framewworks\Quantum\qpc_5.3.1\qpc\qf\source\qmp_init.c 0x00000000   Number         0  qmp_init.o ABSOLUTE
    ..\..\..\..\..\..\..\Framewworks\Quantum\qpc_5.3.1\qpc\qf\source\qmp_put.c 0x00000000   Number         0  qmp_put.o ABSOLUTE
    ..\..\..\..\..\..\..\Framewworks\Quantum\qpc_5.3.1\qpc\qf\source\qte_arm.c 0x00000000   Number         0  qte_arm.o ABSOLUTE
    ..\..\..\..\..\..\..\Framewworks\Quantum\qpc_5.3.1\qpc\qf\source\qte_ctor.c 0x00000000   Number         0  qte_ctor.o ABSOLUTE
    ..\..\..\..\..\..\..\Framewworks\Quantum\qpc_5.3.1\qpc\qf\source\qte_ctr.c 0x00000000   Number         0  qte_ctr.o ABSOLUTE
    ..\..\..\..\..\..\..\Framewworks\Quantum\qpc_5.3.1\qpc\qf\source\qte_darm.c 0x00000000   Number         0  qte_darm.o ABSOLUTE
    ..\..\..\..\..\..\..\Framewworks\Quantum\qpc_5.3.1\qpc\qf\source\qte_rarm.c 0x00000000   Number         0  qte_rarm.o ABSOLUTE
    ..\..\..\..\..\..\..\Framewworks\Quantum\qpc_5.3.1\qpc\qf\source\qvanilla.c 0x00000000   Number         0  qvanilla.o ABSOLUTE
    bsp\LCD_4bit.c                           0x00000000   Number         0  lcd_4bit.o ABSOLUTE
    bsp\Serial.c                             0x00000000   Number         0  serial.o ABSOLUTE
    bsp\adc.c                                0x00000000   Number         0  adc.o ABSOLUTE
    bsp\led.c                                0x00000000   Number         0  led.o ABSOLUTE
    bsp\timer.c                              0x00000000   Number         0  timer.o ABSOLUTE
    cdcmple.s                                0x00000000   Number         0  cdcmple.o ABSOLUTE
    cdrcmple.s                               0x00000000   Number         0  cdrcmple.o ABSOLUTE
    dc.s                                     0x00000000   Number         0  dc.o ABSOLUTE
    handlers.s                               0x00000000   Number         0  handlers.o ABSOLUTE
    init.s                                   0x00000000   Number         0  init.o ABSOLUTE
    src\Retarget.c                           0x00000000   Number         0  retarget.o ABSOLUTE
    src\bsp.c                                0x00000000   Number         0  bsp.o ABSOLUTE
    src\calc.c                               0x00000000   Number         0  calc.o ABSOLUTE
    src\main.c                               0x00000000   Number         0  main.o ABSOLUTE
    src\startup.s                            0x00000000   Number         0  startup.o ABSOLUTE
    src\swi_interrup.s                       0x00000000   Number         0  swi_interrup.o ABSOLUTE
    RESET                                    0x40000000   Section      372  startup.o(RESET)
    Undef_Handler                            0x40000040   ARM Code       4  startup.o(RESET)
    SWI_Handler                              0x40000044   ARM Code       4  startup.o(RESET)
    PAbt_Handler                             0x40000048   ARM Code       4  startup.o(RESET)
    DAbt_Handler                             0x4000004c   ARM Code       4  startup.o(RESET)
    IRQ_Handler                              0x40000050   ARM Code       4  startup.o(RESET)
    FIQ_Handler                              0x40000054   ARM Code       4  startup.o(RESET)
    .ARM.Collect$$$$00000000                 0x40000174   Section        0  entry.o(.ARM.Collect$$$$00000000)
    .ARM.Collect$$$$00000001                 0x40000174   Section        4  entry2.o(.ARM.Collect$$$$00000001)
    .ARM.Collect$$$$00000004                 0x40000178   Section        4  entry5.o(.ARM.Collect$$$$00000004)
    .ARM.Collect$$$$00000008                 0x4000017c   Section        0  entry7b.o(.ARM.Collect$$$$00000008)
    .ARM.Collect$$$$0000000A                 0x4000017c   Section        0  entry8b.o(.ARM.Collect$$$$0000000A)
    .ARM.Collect$$$$0000000B                 0x4000017c   Section       12  entry9a.o(.ARM.Collect$$$$0000000B)
    .ARM.Collect$$$$0000000D                 0x40000188   Section        0  entry10a.o(.ARM.Collect$$$$0000000D)
    .ARM.Collect$$$$0000000F                 0x40000188   Section        0  entry11a.o(.ARM.Collect$$$$0000000F)
    .ARM.Collect$$$$00002712                 0x40000188   Section        4  entry2.o(.ARM.Collect$$$$00002712)
    __lit__00000000                          0x40000188   Data           4  entry2.o(.ARM.Collect$$$$00002712)
    .text                                    0x4000018c   Section        0  retarget.o(.text)
    .text                                    0x400001fc   Section        0  lcd_4bit.o(.text)
    delay                                    0x400001fc   ARM Code      24  lcd_4bit.o(.text)
    lcd_read_status                          0x40000214   ARM Code     188  lcd_4bit.o(.text)
    wait_while_busy                          0x400002d0   ARM Code      32  lcd_4bit.o(.text)
    lcd_write_data                           0x40000374   ARM Code      48  lcd_4bit.o(.text)
    .text                                    0x400004f8   Section        0  serial.o(.text)
    .text                                    0x400006ac   Section        0  timer.o(.text)
    .text                                    0x40000794   Section        0  adc.o(.text)
    .text                                    0x40000888   Section        0  bsp.o(.text)
    .text                                    0x40001268   Section        0  main.o(.text)
    .text                                    0x400012e4   Section        0  calc.o(.text)
    .text                                    0x400023a0   Section        0  qhsm_dis.o(.text)
    QHsm_tran_                               0x400023a0   ARM Code     576  qhsm_dis.o(.text)
    .text                                    0x400027d8   Section        0  qhsm_ini.o(.text)
    .text                                    0x40002954   Section        0  qhsm_top.o(.text)
    .text                                    0x40002960   Section        0  qa_ctor.o(.text)
    .text                                    0x4000298c   Section        0  qa_fifo.o(.text)
    .text                                    0x40002a9c   Section        0  qa_get_.o(.text)
    .text                                    0x40002bcc   Section        0  qa_lifo.o(.text)
    .text                                    0x40002ca4   Section        0  qeq_init.o(.text)
    .text                                    0x40002cd0   Section        0  qf_act.o(.text)
    .text                                    0x40002da8   Section        0  qf_gc.o(.text)
    .text                                    0x40002e38   Section        0  qf_pool.o(.text)
    .text                                    0x40002ef8   Section        0  qmp_init.o(.text)
    .text                                    0x40002ff8   Section        0  qmp_put.o(.text)
    .text                                    0x4000306c   Section        0  qvanilla.o(.text)
    .text                                    0x400031f4   Section        0  memmovea.o(.text)
    .text                                    0x40003240   Section        0  memseta.o(.text)
    .text                                    0x40003274   Section        0  strcpy.o(.text)
    .text                                    0x40003290   Section        0  dadd.o(.text)
    .text                                    0x40003400   Section        0  dmul.o(.text)
    .text                                    0x400034dc   Section        0  ddiv.o(.text)
    .text                                    0x400035d8   Section       40  cdcmple.o(.text)
    .text                                    0x40003600   Section        0  uidiv.o(.text)
    .text                                    0x4000362e   Section        0  uldiv.o(.text)
    .text                                    0x40003696   Section        0  llshl.o(.text)
    .text                                    0x400036b8   Section        0  llsshr.o(.text)
    .text                                    0x400036e8   Section        0  strtod.o(.text)
    _local_sscanf                            0x400036e9   Thumb Code    54  strtod.o(.text)
    .text                                    0x40003790   Section        0  depilogue.o(.text)
    .text                                    0x40003790   Section        0  iusefp.o(.text)
    .text                                    0x40003854   Section        0  dfixul.o(.text)
    .text                                    0x40003898   Section       40  cdrcmple.o(.text)
    .text                                    0x400038c8   Section       32  init.o(.text)
    .text                                    0x400038e8   Section        0  llushr.o(.text)
    .text                                    0x4000390c   Section        0  isspace_c.o(.text)
    .text                                    0x40003920   Section        0  scanf_fp.o(.text)
    _fp_value                                0x40003921   Thumb Code   258  scanf_fp.o(.text)
    .text                                    0x40003c8c   Section        0  _sgetc.o(.text)
    .text                                    0x40003cd0   Section        0  llmul.o(.text)
    .text                                    0x40003d54   Section        0  ctype_c.o(.text)
    .text                                    0x40003d78   Section        0  dfltul.o(.text)
    .text                                    0x40003d94   Section        0  d2f.o(.text)
    .text                                    0x40003dd0   Section        0  fepilogue.o(.text)
    SWI_Area                                 0x40003e54   Section      100  swi_interrup.o(SWI_Area)
    i.__0printf                              0x40003ed4   Section        0  printfa.o(i.__0printf)
    i.__0sprintf                             0x40003efc   Section        0  printfa.o(i.__0sprintf)
    i.__ARM_clz                              0x40003f24   Section        0  depilogue.o(i.__ARM_clz)
    i.__ARM_common_call_via_r1               0x40003f52   Section        0  scanf_fp.o(i.__ARM_common_call_via_r1)
    i.__ARM_common_call_via_r2               0x40003f54   Section        0  printf1.o(i.__ARM_common_call_via_r2)
    i.__ARM_common_call_via_r3               0x40003f56   Section        2  init.o(i.__ARM_common_call_via_r3)
    i.__ARM_common_call_via_r6               0x40003f58   Section        0  printfb.o(i.__ARM_common_call_via_r6)
    i.__scatterload_copy                     0x40003f5c   Section       28  handlers.o(i.__scatterload_copy)
    i.__scatterload_null                     0x40003f78   Section        4  handlers.o(i.__scatterload_null)
    i.__scatterload_zeroinit                 0x40003f7c   Section       24  handlers.o(i.__scatterload_zeroinit)
    i._fp_digits                             0x40003f94   Section        0  printfa.o(i._fp_digits)
    _fp_digits                               0x40003f95   Thumb Code   320  printfa.o(i._fp_digits)
    i._is_digit                              0x400040f0   Section        0  scanf_fp.o(i._is_digit)
    i._printf_core                           0x40004100   Section        0  printfa.o(i._printf_core)
    _printf_core                             0x40004101   Thumb Code  1790  printfa.o(i._printf_core)
    i._printf_post_padding                   0x40004810   Section        0  printfa.o(i._printf_post_padding)
    _printf_post_padding                     0x40004811   Thumb Code    38  printfa.o(i._printf_post_padding)
    i._printf_pre_padding                    0x40004836   Section        0  printfa.o(i._printf_pre_padding)
    _printf_pre_padding                      0x40004837   Thumb Code    50  printfa.o(i._printf_pre_padding)
    i._sputc                                 0x40004868   Section        0  printfa.o(i._sputc)
    _sputc                                   0x40004869   Thumb Code    10  printfa.o(i._sputc)
    i.strtod                                 0x40004874   Section        0  strtod.o(i.strtod)
    .constdata                               0x400048a8   Section       64  lcd_4bit.o(.constdata)
    .constdata                               0x400048e8   Section       16  qep.o(.constdata)
    .constdata                               0x400048f8   Section        9  qhsm_dis.o(.constdata)
    Q_this_module_                           0x400048f8   Data           9  qhsm_dis.o(.constdata)
    .constdata                               0x40004904   Section       20  qhsm_ini.o(.constdata)
    Q_this_module_                           0x40004904   Data           9  qhsm_ini.o(.constdata)
    vtbl                                     0x40004910   Data           8  qhsm_ini.o(.constdata)
    .constdata                               0x40004918   Section       20  qa_ctor.o(.constdata)
    vtbl                                     0x40004918   Data          20  qa_ctor.o(.constdata)
    .constdata                               0x4000492c   Section        8  qa_fifo.o(.constdata)
    Q_this_module_                           0x4000492c   Data           8  qa_fifo.o(.constdata)
    .constdata                               0x40004934   Section        8  qa_get_.o(.constdata)
    Q_this_module_                           0x40004934   Data           8  qa_get_.o(.constdata)
    .constdata                               0x4000493c   Section        8  qa_lifo.o(.constdata)
    Q_this_module_                           0x4000493c   Data           8  qa_lifo.o(.constdata)
    .constdata                               0x40004944   Section        7  qf_act.o(.constdata)
    Q_this_module_                           0x40004944   Data           7  qf_act.o(.constdata)
    .constdata                               0x4000494b   Section        6  qf_gc.o(.constdata)
    Q_this_module_                           0x4000494b   Data           6  qf_gc.o(.constdata)
    .constdata                               0x40004951   Section      256  qf_log2.o(.constdata)
    .constdata                               0x40004a51   Section        8  qf_pool.o(.constdata)
    Q_this_module_                           0x40004a51   Data           8  qf_pool.o(.constdata)
    .constdata                               0x40004a59   Section      195  qf_pwr2.o(.constdata)
    .constdata                               0x40004b1c   Section        9  qmp_init.o(.constdata)
    Q_this_module_                           0x40004b1c   Data           9  qmp_init.o(.constdata)
    .constdata                               0x40004b25   Section        8  qmp_put.o(.constdata)
    Q_this_module_                           0x40004b25   Data           8  qmp_put.o(.constdata)
    .constdata                               0x40004b2d   Section        9  qvanilla.o(.constdata)
    Q_this_module_                           0x40004b2d   Data           9  qvanilla.o(.constdata)
    .constdata                               0x40004b36   Section       64  ctype_c.o(.constdata)
    .conststring                             0x40004b78   Section      405  main.o(.conststring)
    .data                                    0x40005000   Section       12  retarget.o(.data)
    .data                                    0x4000500c   Section        8  serial.o(.data)
    keystroke                                0x4000500c   Data           4  serial.o(.data)
    buf                                      0x40005010   Data           4  serial.o(.data)
    .data                                    0x40005014   Section        8  timer.o(.data)
    clock_1s                                 0x40005014   Data           4  timer.o(.data)
    clk_cntr                                 0x40005018   Data           4  timer.o(.data)
    .data                                    0x4000501c   Section        2  adc.o(.data)
    AD_last                                  0x4000501c   Data           2  adc.o(.data)
    .data                                    0x40005020   Section       12  bsp.o(.data)
    display_state                            0x40005020   Data           1  bsp.o(.data)
    l_len                                    0x40005024   Data           4  bsp.o(.data)
    me                                       0x40005028   Data           4  bsp.o(.data)
    .data                                    0x4000502c   Section        4  qf_pool.o(.data)
    .data                                    0x40005030   Section        4  qvanilla.o(.data)
    .bss                                     0x40005034   Section       66  bsp.o(.bss)
    display                                  0x40005034   Data          56  bsp.o(.bss)
    l_display                                0x4000506c   Data          10  bsp.o(.bss)
    .bss                                     0x40005078   Section      576  main.o(.bss)
    l_calc                                   0x40005278   Data          64  main.o(.bss)
    .bss                                     0x400052b8   Section       36  qf_act.o(.bss)
    .bss                                     0x400052dc   Section       60  qf_pool.o(.bss)
    .bss                                     0x40005318   Section       32  qf_tick.o(.bss)
    STACK                                    0x40005338   Section     1288  startup.o(STACK)
    Stack_Top                                0x40005840   Data           0  startup.o(STACK)

    Global Symbols

    Symbol Name                              Value     Ov Type        Size  Object(Section)

    BuildAttributes$$THM_ISAv1$ARM_ISAv4$S$PE$A:L22$X:L11$S22$IEEE1$IW$USESV6$~STKCKD$USESV7$~SHL$OTIME$ROPI$IEEEJ$EBA8$MICROLIB$REQ8$EABIv2 0x00000000   Number         0  anon$$obj.o ABSOLUTE
    __ARM_use_no_argv                        0x00000000   Number         0  main.o ABSOLUTE
    __use_no_errno                           0x00000000   Number         0  useno.o ABSOLUTE
    __use_no_exception_handling              0x00000000   Number         0  useno.o ABSOLUTE
    __use_no_fp                              0x00000000   Number         0  useno.o ABSOLUTE
    __use_no_heap                            0x00000000   Number         0  useno.o ABSOLUTE
    __use_no_heap_region                     0x00000000   Number         0  useno.o ABSOLUTE
    __use_no_semihosting                     0x00000000   Number         0  useno.o ABSOLUTE
    __use_no_semihosting_swi                 0x00000000   Number         0  useno.o ABSOLUTE
    __use_no_signal_handling                 0x00000000   Number         0  useno.o ABSOLUTE
    _printf_a                                0x00000000   Number         0  stubs.o ABSOLUTE
    _printf_c                                0x00000000   Number         0  stubs.o ABSOLUTE
    _printf_charcount                        0x00000000   Number         0  stubs.o ABSOLUTE
    _printf_d                                0x00000000   Number         0  stubs.o ABSOLUTE
    _printf_e                                0x00000000   Number         0  stubs.o ABSOLUTE
    _printf_f                                0x00000000   Number         0  stubs.o ABSOLUTE
    _printf_flags                            0x00000000   Number         0  stubs.o ABSOLUTE
    _printf_fp_dec                           0x00000000   Number         0  stubs.o ABSOLUTE
    _printf_fp_hex                           0x00000000   Number         0  stubs.o ABSOLUTE
    _printf_g                                0x00000000   Number         0  stubs.o ABSOLUTE
    _printf_i                                0x00000000   Number         0  stubs.o ABSOLUTE
    _printf_int_dec                          0x00000000   Number         0  stubs.o ABSOLUTE
    _printf_l                                0x00000000   Number         0  stubs.o ABSOLUTE
    _printf_lc                               0x00000000   Number         0  stubs.o ABSOLUTE
    _printf_ll                               0x00000000   Number         0  stubs.o ABSOLUTE
    _printf_lld                              0x00000000   Number         0  stubs.o ABSOLUTE
    _printf_lli                              0x00000000   Number         0  stubs.o ABSOLUTE
    _printf_llo                              0x00000000   Number         0  stubs.o ABSOLUTE
    _printf_llu                              0x00000000   Number         0  stubs.o ABSOLUTE
    _printf_llx                              0x00000000   Number         0  stubs.o ABSOLUTE
    _printf_longlong_dec                     0x00000000   Number         0  stubs.o ABSOLUTE
    _printf_longlong_hex                     0x00000000   Number         0  stubs.o ABSOLUTE
    _printf_longlong_oct                     0x00000000   Number         0  stubs.o ABSOLUTE
    _printf_ls                               0x00000000   Number         0  stubs.o ABSOLUTE
    _printf_mbtowc                           0x00000000   Number         0  stubs.o ABSOLUTE
    _printf_n                                0x00000000   Number         0  stubs.o ABSOLUTE
    _printf_o                                0x00000000   Number         0  stubs.o ABSOLUTE
    _printf_p                                0x00000000   Number         0  stubs.o ABSOLUTE
    _printf_percent                          0x00000000   Number         0  stubs.o ABSOLUTE
    _printf_pre_padding                      0x00000000   Number         0  stubs.o ABSOLUTE
    _printf_return_value                     0x00000000   Number         0  stubs.o ABSOLUTE
    _printf_s                                0x00000000   Number         0  stubs.o ABSOLUTE
    _printf_sizespec                         0x00000000   Number         0  stubs.o ABSOLUTE
    _printf_str                              0x00000000   Number         0  stubs.o ABSOLUTE
    _printf_truncate_signed                  0x00000000   Number         0  stubs.o ABSOLUTE
    _printf_truncate_unsigned                0x00000000   Number         0  stubs.o ABSOLUTE
    _printf_u                                0x00000000   Number         0  stubs.o ABSOLUTE
    _printf_wc                               0x00000000   Number         0  stubs.o ABSOLUTE
    _printf_wctomb                           0x00000000   Number         0  stubs.o ABSOLUTE
    _printf_widthprec                        0x00000000   Number         0  stubs.o ABSOLUTE
    _printf_x                                0x00000000   Number         0  stubs.o ABSOLUTE
    __cpp_initialize__aeabi_                  - Undefined Weak Reference
    __cxa_finalize                            - Undefined Weak Reference
    __decompress                              - Undefined Weak Reference
    _clock_init                               - Undefined Weak Reference
    _microlib_exit                            - Undefined Weak Reference
    Reset_Handler                            0x40000058   ARM Code       0  startup.o(RESET)
    __main                                   0x40000174   ARM Code       0  entry.o(.ARM.Collect$$$$00000000)
    _main_stk                                0x40000174   ARM Code       0  entry2.o(.ARM.Collect$$$$00000001)
    _main_scatterload                        0x40000178   ARM Code       0  entry5.o(.ARM.Collect$$$$00000004)
    __main_after_scatterload                 0x4000017c   ARM Code       0  entry5.o(.ARM.Collect$$$$00000004)
    _main_clock                              0x4000017c   ARM Code       0  entry7b.o(.ARM.Collect$$$$00000008)
    _main_cpp_init                           0x4000017c   ARM Code       0  entry8b.o(.ARM.Collect$$$$0000000A)
    _main_init                               0x4000017c   ARM Code       0  entry9a.o(.ARM.Collect$$$$0000000B)
    __rt_final_cpp                           0x40000188   ARM Code       0  entry10a.o(.ARM.Collect$$$$0000000D)
    __rt_final_exit                          0x40000188   ARM Code       0  entry11a.o(.ARM.Collect$$$$0000000F)
    fputc                                    0x4000018c   ARM Code      44  retarget.o(.text)
    getch                                    0x400001b8   ARM Code      16  retarget.o(.text)
    fgetc                                    0x400001c8   ARM Code      20  retarget.o(.text)
    _ttywrch                                 0x400001dc   ARM Code      24  retarget.o(.text)
    _sys_exit                                0x400001f4   ARM Code       8  retarget.o(.text)
    lcd_write_4bit                           0x400002f0   ARM Code      84  lcd_4bit.o(.text)
    lcd_write_cmd                            0x40000344   ARM Code      48  lcd_4bit.o(.text)
    lcd_putchar                              0x400003a4   ARM Code      24  lcd_4bit.o(.text)
    lcd_init                                 0x400003bc   ARM Code     176  lcd_4bit.o(.text)
    set_cursor                               0x4000046c   ARM Code      52  lcd_4bit.o(.text)
    lcd_clear                                0x400004a0   ARM Code      32  lcd_4bit.o(.text)
    lcd_print                                0x400004c0   ARM Code      40  lcd_4bit.o(.text)
    init_serial                              0x400004f8   ARM Code      68  serial.o(.text)
    send_char                                0x4000053c   ARM Code      36  serial.o(.text)
    kbhit                                    0x40000560   ARM Code      44  serial.o(.text)
    getkey                                   0x4000058c   ARM Code      36  serial.o(.text)
    getkey0                                  0x400005b0   ARM Code      24  serial.o(.text)
    get_char                                 0x400005c8   ARM Code      36  serial.o(.text)
    uart_isr0                                0x400005ec   ARM Code      56  serial.o(.text)
    uart_init_0                              0x40000624   ARM Code     120  serial.o(.text)
    Get_Clock_LS                             0x400006ac   ARM Code      44  timer.o(.text)
    T0_IRQHandler                            0x400006d8   ARM Code     108  timer.o(.text)
    Timer0_Init                              0x40000744   ARM Code      60  timer.o(.text)
    ADC_IRQHandler                           0x40000794   ARM Code     104  adc.o(.text)
    ADC_Init                                 0x400007fc   ARM Code      76  adc.o(.text)
    AD_Get_Val                               0x40000848   ARM Code      12  adc.o(.text)
    ADC_IRQ_ENABLE                           0x40000854   ARM Code      16  adc.o(.text)
    ADC_IRQ_DISABLE                          0x40000864   ARM Code      16  adc.o(.text)
    delay                                    0x40000888   ARM Code      24  bsp.o(.text)
    wait                                     0x400008a0   ARM Code      20  bsp.o(.text)
    display_clear                            0x400008b4   ARM Code     120  bsp.o(.text)
    BSP_err                                  0x4000092c   ARM Code      52  bsp.o(.text)
    BSP_LCD_display_str                      0x40000960   ARM Code      56  bsp.o(.text)
    BSP_display                              0x40000998   ARM Code     140  bsp.o(.text)
    BSP_clear                                0x40000a24   ARM Code      60  bsp.o(.text)
    clear                                    0x40000a60   ARM Code      32  bsp.o(.text)
    BSP_Init                                 0x40000a80   ARM Code      52  bsp.o(.text)
    BSP_insert                               0x40000ab4   ARM Code     404  bsp.o(.text)
    BSP_negate                               0x40000c48   ARM Code      36  bsp.o(.text)
    BSP_get_value                            0x40000c6c   ARM Code      24  bsp.o(.text)
    BSP_eval                                 0x40000c84   ARM Code     456  bsp.o(.text)
    BSP_message                              0x40000e4c   ARM Code      24  bsp.o(.text)
    Q_onAssert                               0x40000e64   ARM Code      52  bsp.o(.text)
    _kbhit                                   0x40000e98   ARM Code       8  bsp.o(.text)
    _getch                                   0x40000ea0   ARM Code      20  bsp.o(.text)
    BSP_display_str                          0x40000eb4   ARM Code      32  bsp.o(.text)
    BSP_exit                                 0x40000ed4   ARM Code      28  bsp.o(.text)
    QF_onCleanup                             0x40000ef0   ARM Code       4  bsp.o(.text)
    QF_onIdle                                0x40000ef4   ARM Code       4  bsp.o(.text)
    QF_onStartup                             0x40000ef8   ARM Code       4  bsp.o(.text)
    BSP_onKeyboardInput                      0x40000efc   ARM Code     672  bsp.o(.text)
    BSP_CE                                   0x4000119c   ARM Code     100  bsp.o(.text)
    BSP_C                                    0x40001200   ARM Code     100  bsp.o(.text)
    main                                     0x40001268   ARM Code     104  main.o(.text)
    Calc_Final                               0x400012e4   ARM Code      80  calc.o(.text)
    Calc_Error                               0x40001334   ARM Code     112  calc.o(.text)
    Calc_Result                              0x400013a4   ARM Code     112  calc.o(.text)
    Calc_Operand2                            0x40001414   ARM Code     456  calc.o(.text)
    Calc_Frac2                               0x400015dc   ARM Code     192  calc.o(.text)
    Calc_Int2                                0x4000169c   ARM Code     208  calc.o(.text)
    Calc_Zero2                               0x4000176c   ARM Code     288  calc.o(.text)
    Calc_Negated2                            0x4000188c   ARM Code     296  calc.o(.text)
    Calc_OpEntered                           0x400019b4   ARM Code     372  calc.o(.text)
    Calc_Int1                                0x40001b28   ARM Code     208  calc.o(.text)
    Calc_Zero1                               0x40001bf8   ARM Code     208  calc.o(.text)
    Calc_Negated1                            0x40001cc8   ARM Code     388  calc.o(.text)
    Calc_Begin                               0x40001e4c   ARM Code     180  calc.o(.text)
    Calc_Operand1                            0x40001f00   ARM Code     228  calc.o(.text)
    Calc_Frac1                               0x40001fe4   ARM Code     284  calc.o(.text)
    Calc_Ready                               0x40002100   ARM Code     308  calc.o(.text)
    Calc_On                                  0x40002234   ARM Code     220  calc.o(.text)
    Calc_initial                             0x40002310   ARM Code     116  calc.o(.text)
    Calc_ctor                                0x40002384   ARM Code      28  calc.o(.text)
    QHsm_dispatch_                           0x400025e0   ARM Code     484  qhsm_dis.o(.text)
    QHsm_ctor                                0x400027d8   ARM Code      24  qhsm_ini.o(.text)
    QHsm_init_                               0x400027f0   ARM Code     332  qhsm_ini.o(.text)
    QHsm_top                                 0x40002954   ARM Code      12  qhsm_top.o(.text)
    QActive_ctor                             0x40002960   ARM Code      40  qa_ctor.o(.text)
    QActive_post_                            0x4000298c   ARM Code     260  qa_fifo.o(.text)
    QActive_get_                             0x40002a9c   ARM Code     208  qa_get_.o(.text)
    QF_getQueueMin                           0x40002b6c   ARM Code      80  qa_get_.o(.text)
    QActive_postLIFO_                        0x40002bcc   ARM Code     204  qa_lifo.o(.text)
    QEQueue_init                             0x40002ca4   ARM Code      44  qeq_init.o(.text)
    QF_add_                                  0x40002cd0   ARM Code      84  qf_act.o(.text)
    QF_remove_                               0x40002d24   ARM Code      88  qf_act.o(.text)
    QF_bzero                                 0x40002d7c   ARM Code      36  qf_act.o(.text)
    QF_gc                                    0x40002da8   ARM Code     132  qf_gc.o(.text)
    QF_poolInit                              0x40002e38   ARM Code     180  qf_pool.o(.text)
    QMPool_init                              0x40002ef8   ARM Code     252  qmp_init.o(.text)
    QMPool_put                               0x40002ff8   ARM Code     112  qmp_put.o(.text)
    QF_init                                  0x4000306c   ARM Code      60  qvanilla.o(.text)
    QF_stop                                  0x400030a8   ARM Code      16  qvanilla.o(.text)
    QF_run                                   0x400030b8   ARM Code     128  qvanilla.o(.text)
    QActive_start_                           0x40003138   ARM Code     132  qvanilla.o(.text)
    QActive_stop                             0x400031bc   ARM Code      24  qvanilla.o(.text)
    Inline ARM to Thumb Veneer to __aeabi_memmove 0x400031ec   ARM Code       8  memmovea.o(.text)
    ___aeabi_memcpy$move                     0x400031f5   Thumb Code    66  memmovea.o(.text)
    ___aeabi_memcpy4$move                    0x400031f5   Thumb Code     0  memmovea.o(.text)
    ___aeabi_memcpy8$move                    0x400031f5   Thumb Code     0  memmovea.o(.text)
    __aeabi_memmove                          0x400031f5   Thumb Code     0  memmovea.o(.text)
    __aeabi_memmove4                         0x400031f5   Thumb Code     0  memmovea.o(.text)
    __aeabi_memmove8                         0x400031f5   Thumb Code     0  memmovea.o(.text)
    Inline ARM to Thumb Veneer to __aeabi_memset 0x40003238   ARM Code       8  memseta.o(.text)
    __aeabi_memset                           0x40003241   Thumb Code    16  memseta.o(.text)
    __aeabi_memset4                          0x40003241   Thumb Code     0  memseta.o(.text)
    __aeabi_memset8                          0x40003241   Thumb Code     0  memseta.o(.text)
    __aeabi_memclr                           0x40003251   Thumb Code     4  memseta.o(.text)
    __aeabi_memclr4                          0x40003251   Thumb Code     0  memseta.o(.text)
    __aeabi_memclr8                          0x40003251   Thumb Code     0  memseta.o(.text)
    _memset$wrapper                          0x40003255   Thumb Code    22  memseta.o(.text)
    Inline ARM to Thumb Veneer to strcpy     0x4000326c   ARM Code       8  strcpy.o(.text)
    strcpy                                   0x40003275   Thumb Code    18  strcpy.o(.text)
    Inline ARM to Thumb Veneer to __aeabi_dadd 0x40003288   ARM Code       8  dadd.o(.text)
    __aeabi_dadd                             0x40003291   Thumb Code   332  dadd.o(.text)
    __aeabi_dsub                             0x400033dd   Thumb Code    12  dadd.o(.text)
    __aeabi_drsub                            0x400033e9   Thumb Code    12  dadd.o(.text)
    Inline ARM to Thumb Veneer to __aeabi_dmul 0x400033f8   ARM Code       8  dmul.o(.text)
    __aeabi_dmul                             0x40003401   Thumb Code   206  dmul.o(.text)
    Inline ARM to Thumb Veneer to __aeabi_ddiv 0x400034d4   ARM Code       8  ddiv.o(.text)
    __aeabi_ddiv                             0x400034dd   Thumb Code   238  ddiv.o(.text)
    Inline ARM to Thumb Veneer to __aeabi_cdcmple 0x400035d0   ARM Code       8  cdcmple.o(.text)
    __aeabi_cdcmpeq                          0x400035d9   Thumb Code     0  cdcmple.o(.text)
    __aeabi_cdcmple                          0x400035d9   Thumb Code    40  cdcmple.o(.text)
    __aeabi_uidiv                            0x40003601   Thumb Code     0  uidiv.o(.text)
    __aeabi_uidivmod                         0x40003601   Thumb Code    46  uidiv.o(.text)
    __aeabi_uldivmod                         0x4000362f   Thumb Code   104  uldiv.o(.text)
    __aeabi_llsl                             0x40003697   Thumb Code    34  llshl.o(.text)
    _ll_shift_l                              0x40003697   Thumb Code     0  llshl.o(.text)
    __aeabi_lasr                             0x400036b9   Thumb Code    40  llsshr.o(.text)
    _ll_sshift_r                             0x400036b9   Thumb Code     0  llsshr.o(.text)
    Inline ARM to Thumb Veneer to __strtod_int 0x400036e0   ARM Code       8  strtod.o(.text)
    __strtod_int                             0x4000371f   Thumb Code    96  strtod.o(.text)
    __I$use$fp                               0x40003790   ARM Code       0  iusefp.o(.text)
    _double_round                            0x40003791   Thumb Code    28  depilogue.o(.text)
    _double_epilogue                         0x400037ad   Thumb Code   168  depilogue.o(.text)
    __aeabi_d2ulz                            0x40003855   Thumb Code    58  dfixul.o(.text)
    __aeabi_cdrcmple                         0x40003899   Thumb Code    40  cdrcmple.o(.text)
    Inline ARM to Thumb Veneer to __scatterload 0x400038c0   ARM Code       8  init.o(.text)
    __scatterload                            0x400038c9   Thumb Code    24  init.o(.text)
    __scatterload_rt2                        0x400038c9   Thumb Code     0  init.o(.text)
    __aeabi_llsr                             0x400038e9   Thumb Code    36  llushr.o(.text)
    _ll_ushift_r                             0x400038e9   Thumb Code     0  llushr.o(.text)
    isspace                                  0x4000390d   Thumb Code    20  isspace_c.o(.text)
    _scanf_real                              0x40003a23   Thumb Code     0  scanf_fp.o(.text)
    _scanf_really_real                       0x40003a23   Thumb Code   606  scanf_fp.o(.text)
    _sgetc                                   0x40003c8d   Thumb Code    32  _sgetc.o(.text)
    _sbackspace                              0x40003cad   Thumb Code    36  _sgetc.o(.text)
    __aeabi_lmul                             0x40003cd1   Thumb Code   130  llmul.o(.text)
    _ll_mul                                  0x40003cd1   Thumb Code     0  llmul.o(.text)
    __ctype_lookup                           0x40003d55   Thumb Code    32  ctype_c.o(.text)
    __aeabi_ul2d                             0x40003d79   Thumb Code    24  dfltul.o(.text)
    __aeabi_d2f                              0x40003d95   Thumb Code    60  d2f.o(.text)
    _float_round                             0x40003dd1   Thumb Code    16  fepilogue.o(.text)
    _float_epilogue                          0x40003de1   Thumb Code   114  fepilogue.o(.text)
    T_SWI_Handler                            0x40003e54   ARM Code       0  swi_interrup.o(SWI_Area)
    disable_irq                              0x40003e90   ARM Code       0  swi_interrup.o(SWI_Area)
    enable_irq                               0x40003ea4   ARM Code       0  swi_interrup.o(SWI_Area)
    Long ARM to Thumb Veneer to __aeabi_dsub 0x40003eb8   ARM Code      12  anon$$obj.o(Veneer$$Code)
    Short Thumb to ARM Veneer to __main_after_scatterload 0x40003ec5   Thumb Code     8  anon$$obj.o(Veneer$$Code)
    Inline ARM to Thumb Veneer to __2printf  0x40003ecc   ARM Code       8  printfa.o(i.__0printf)
    __0printf                                0x40003ed5   Thumb Code    24  printfa.o(i.__0printf)
    __1printf                                0x40003ed5   Thumb Code     0  printfa.o(i.__0printf)
    __2printf                                0x40003ed5   Thumb Code     0  printfa.o(i.__0printf)
    __c89printf                              0x40003ed5   Thumb Code     0  printfa.o(i.__0printf)
    printf                                   0x40003ed5   Thumb Code     0  printfa.o(i.__0printf)
    Inline ARM to Thumb Veneer to __2sprintf 0x40003ef4   ARM Code       8  printfa.o(i.__0sprintf)
    __0sprintf                               0x40003efd   Thumb Code    36  printfa.o(i.__0sprintf)
    __1sprintf                               0x40003efd   Thumb Code     0  printfa.o(i.__0sprintf)
    __2sprintf                               0x40003efd   Thumb Code     0  printfa.o(i.__0sprintf)
    __c89sprintf                             0x40003efd   Thumb Code     0  printfa.o(i.__0sprintf)
    sprintf                                  0x40003efd   Thumb Code     0  printfa.o(i.__0sprintf)
    __ARM_clz                                0x40003f25   Thumb Code    46  depilogue.o(i.__ARM_clz)
    __ARM_common_call_via_r1                 0x40003f53   Thumb Code     2  scanf_fp.o(i.__ARM_common_call_via_r1)
    __ARM_common_call_via_r2                 0x40003f55   Thumb Code     2  printf1.o(i.__ARM_common_call_via_r2)
    __ARM_common_call_via_r3                 0x40003f57   Thumb Code     2  init.o(i.__ARM_common_call_via_r3)
    __ARM_common_call_via_r6                 0x40003f59   Thumb Code     2  printfb.o(i.__ARM_common_call_via_r6)
    __scatterload_copy                       0x40003f5c   ARM Code      28  handlers.o(i.__scatterload_copy)
    __scatterload_null                       0x40003f78   ARM Code       4  handlers.o(i.__scatterload_null)
    __scatterload_zeroinit                   0x40003f7c   ARM Code      24  handlers.o(i.__scatterload_zeroinit)
    _is_digit                                0x400040f1   Thumb Code    14  scanf_fp.o(i._is_digit)
    strtod                                   0x40004874   ARM Code      52  strtod.o(i.strtod)
    UserFont                                 0x400048a8   Data          64  lcd_4bit.o(.constdata)
    QEP_reservedEvt_                         0x400048e8   Data          16  qep.o(.constdata)
    QF_log2Lkup                              0x40004951   Data         256  qf_log2.o(.constdata)
    QF_pwr2Lkup                              0x40004a59   Data          65  qf_pwr2.o(.constdata)
    QF_invPwr2Lkup                           0x40004a9a   Data          65  qf_pwr2.o(.constdata)
    QF_div8Lkup                              0x40004adb   Data          65  qf_pwr2.o(.constdata)
    __ctype_categories                       0x40004b36   Data          64  ctype_c.o(.constdata)
    Region$$Table$$Base                      0x40004d10   Number         0  anon$$obj.o(Region$$Table)
    Region$$Table$$Limit                     0x40004d30   Number         0  anon$$obj.o(Region$$Table)
    __stdout                                 0x40005000   Data           4  retarget.o(.data)
    __stdin                                  0x40005004   Data           4  retarget.o(.data)
    __stderr                                 0x40005008   Data           4  retarget.o(.data)
    QF_maxPool_                              0x4000502c   Data           4  qf_pool.o(.data)
    QF_readySet_                             0x40005030   Data           4  qvanilla.o(.data)
    l_eventQueue                             0x40005078   Data         512  main.o(.bss)
    QF_active_                               0x400052b8   Data          36  qf_act.o(.bss)
    QF_pool_                                 0x400052dc   Data          60  qf_pool.o(.bss)
    QF_timeEvtHead_                          0x40005318   Data          32  qf_tick.o(.bss)
    __initial_sp                             0x40005738   Data         264  startup.o(STACK)



==============================================================================

Memory Map of the image

  Image Entry point : 0x40000000

  Load Region LR_IROM1 (Base: 0x40000000, Size: 0x00004d64, Max: 0x00004fff, ABSOLUTE)

    Execution Region ER_IROM1 (Base: 0x40000000, Size: 0x00004d30, Max: 0x00004fff, ABSOLUTE)

    Base Addr    Size         Type   Attr      Idx    E Section Name        Object

    0x40000000   0x00000174   Code   RO           27  * RESET               startup.o
    0x40000174   0x00000000   Code   RO          816  * .ARM.Collect$$$$00000000  mc_t.l(entry.o)
    0x40000174   0x00000004   Code   RO         1102    .ARM.Collect$$$$00000001  mc_t.l(entry2.o)
    0x40000178   0x00000004   Code   RO         1104    .ARM.Collect$$$$00000004  mc_t.l(entry5.o)
    0x4000017c   0x00000000   Code   RO         1106    .ARM.Collect$$$$00000008  mc_t.l(entry7b.o)
    0x4000017c   0x00000000   Code   RO         1108    .ARM.Collect$$$$0000000A  mc_t.l(entry8b.o)
    0x4000017c   0x0000000c   Code   RO         1109    .ARM.Collect$$$$0000000B  mc_t.l(entry9a.o)
    0x40000188   0x00000000   Code   RO         1111    .ARM.Collect$$$$0000000D  mc_t.l(entry10a.o)
    0x40000188   0x00000000   Code   RO         1113    .ARM.Collect$$$$0000000F  mc_t.l(entry11a.o)
    0x40000188   0x00000004   Code   RO         1103    .ARM.Collect$$$$00002712  mc_t.l(entry2.o)
    0x4000018c   0x00000070   Code   RO            1    .text               retarget.o
    0x400001fc   0x000002fc   Code   RO           34    .text               lcd_4bit.o
    0x400004f8   0x000001b4   Code   RO           68    .text               serial.o
    0x400006ac   0x000000e8   Code   RO           82    .text               timer.o
    0x40000794   0x000000f4   Code   RO           96    .text               adc.o
    0x40000888   0x000009e0   Code   RO          110    .text               bsp.o
    0x40001268   0x0000007c   Code   RO          177    .text               main.o
    0x400012e4   0x000010bc   Code   RO          193    .text               calc.o
    0x400023a0   0x00000438   Code   RO          249    .text               qhsm_dis.o
    0x400027d8   0x0000017c   Code   RO          277    .text               qhsm_ini.o
    0x40002954   0x0000000c   Code   RO          291    .text               qhsm_top.o
    0x40002960   0x0000002c   Code   RO          343    .text               qa_ctor.o
    0x4000298c   0x00000110   Code   RO          378    .text               qa_fifo.o
    0x40002a9c   0x00000130   Code   RO          392    .text               qa_get_.o
    0x40002bcc   0x000000d8   Code   RO          406    .text               qa_lifo.o
    0x40002ca4   0x0000002c   Code   RO          490    .text               qeq_init.o
    0x40002cd0   0x000000d8   Code   RO          516    .text               qf_act.o
    0x40002da8   0x00000090   Code   RO          540    .text               qf_gc.o
    0x40002e38   0x000000c0   Code   RO          581    .text               qf_pool.o
    0x40002ef8   0x00000100   Code   RO          699    .text               qmp_init.o
    0x40002ff8   0x00000074   Code   RO          713    .text               qmp_put.o
    0x4000306c   0x00000180   Code   RO          793    .text               qvanilla.o
    0x400031ec   0x00000008   Ven    RO          821    .text               mc_t.l(memmovea.o)
    0x400031f4   0x00000042   Code   RO          821    .text               mc_t.l(memmovea.o)
    0x40003236   0x00000002   PAD
    0x40003238   0x00000008   Ven    RO          823    .text               mc_t.l(memseta.o)
    0x40003240   0x0000002a   Code   RO          823    .text               mc_t.l(memseta.o)
    0x4000326a   0x00000002   PAD
    0x4000326c   0x00000008   Ven    RO          825    .text               mc_t.l(strcpy.o)
    0x40003274   0x00000012   Code   RO          825    .text               mc_t.l(strcpy.o)
    0x40003286   0x00000002   PAD
    0x40003288   0x00000008   Ven    RO         1094    .text               mf_t.l(dadd.o)
    0x40003290   0x00000168   Code   RO         1094    .text               mf_t.l(dadd.o)
    0x400033f8   0x00000008   Ven    RO         1096    .text               mf_t.l(dmul.o)
    0x40003400   0x000000d4   Code   RO         1096    .text               mf_t.l(dmul.o)
    0x400034d4   0x00000008   Ven    RO         1098    .text               mf_t.l(ddiv.o)
    0x400034dc   0x000000f4   Code   RO         1098    .text               mf_t.l(ddiv.o)
    0x400035d0   0x00000008   Ven    RO         1100    .text               mf_t.l(cdcmple.o)
    0x400035d8   0x00000028   Code   RO         1100    .text               mf_t.l(cdcmple.o)
    0x40003600   0x0000002e   Code   RO         1115    .text               mc_t.l(uidiv.o)
    0x4000362e   0x00000068   Code   RO         1117    .text               mc_t.l(uldiv.o)
    0x40003696   0x00000022   Code   RO         1119    .text               mc_t.l(llshl.o)
    0x400036b8   0x00000028   Code   RO         1121    .text               mc_t.l(llsshr.o)
    0x400036e0   0x00000008   Ven    RO         1123    .text               mc_t.l(strtod.o)
    0x400036e8   0x000000a8   Code   RO         1123    .text               mc_t.l(strtod.o)
    0x40003790   0x00000000   Code   RO         1125    .text               mc_t.l(iusefp.o)
    0x40003790   0x000000c4   Code   RO         1126    .text               mf_t.l(depilogue.o)
    0x40003854   0x00000044   Code   RO         1130    .text               mf_t.l(dfixul.o)
    0x40003898   0x00000028   Code   RO         1132    .text               mf_t.l(cdrcmple.o)
    0x400038c0   0x00000008   Ven    RO         1134    .text               mc_t.l(init.o)
    0x400038c8   0x00000020   Code   RO         1134    .text               mc_t.l(init.o)
    0x400038e8   0x00000024   Code   RO         1138    .text               mc_t.l(llushr.o)
    0x4000390c   0x00000014   Code   RO         1140    .text               mc_t.l(isspace_c.o)
    0x40003920   0x0000036c   Code   RO         1142    .text               mc_t.l(scanf_fp.o)
    0x40003c8c   0x00000044   Code   RO         1148    .text               mc_t.l(_sgetc.o)
    0x40003cd0   0x00000082   Code   RO         1150    .text               mc_t.l(llmul.o)
    0x40003d52   0x00000002   PAD
    0x40003d54   0x00000024   Code   RO         1152    .text               mc_t.l(ctype_c.o)
    0x40003d78   0x0000001c   Code   RO         1155    .text               mf_t.l(dfltul.o)
    0x40003d94   0x0000003c   Code   RO         1157    .text               mf_t.l(d2f.o)
    0x40003dd0   0x00000082   Code   RO         1159    .text               mf_t.l(fepilogue.o)
    0x40003e52   0x00000002   PAD
    0x40003e54   0x00000064   Code   RO           31    SWI_Area            swi_interrup.o
    0x40003eb8   0x0000000c   Ven    RO         1180    Veneer$$Code        anon$$obj.o
    0x40003ec4   0x00000008   Ven    RO         1181    Veneer$$Code        anon$$obj.o
    0x40003ecc   0x00000008   Ven    RO         1066    i.__0printf         mc_t.l(printfa.o)
    0x40003ed4   0x00000020   Code   RO         1066    i.__0printf         mc_t.l(printfa.o)
    0x40003ef4   0x00000008   Ven    RO         1068    i.__0sprintf        mc_t.l(printfa.o)
    0x40003efc   0x00000028   Code   RO         1068    i.__0sprintf        mc_t.l(printfa.o)
    0x40003f24   0x0000002e   Code   RO         1128    i.__ARM_clz         mf_t.l(depilogue.o)
    0x40003f52   0x00000002   Code   RO         1146    i.__ARM_common_call_via_r1  mc_t.l(scanf_fp.o)
    0x40003f54   0x00000002   Code   RO          897    i.__ARM_common_call_via_r2  mc_t.l(printf1.o)
    0x40003f56   0x00000002   Code   RO         1136    i.__ARM_common_call_via_r3  mc_t.l(init.o)
    0x40003f58   0x00000002   Code   RO          851    i.__ARM_common_call_via_r6  mc_t.l(printfb.o)
    0x40003f5a   0x00000002   PAD
    0x40003f5c   0x0000001c   Code   RO         1163    i.__scatterload_copy  mc_t.l(handlers.o)
    0x40003f78   0x00000004   Code   RO         1164    i.__scatterload_null  mc_t.l(handlers.o)
    0x40003f7c   0x00000018   Code   RO         1165    i.__scatterload_zeroinit  mc_t.l(handlers.o)
    0x40003f94   0x0000015c   Code   RO         1073    i._fp_digits        mc_t.l(printfa.o)
    0x400040f0   0x0000000e   Code   RO         1144    i._is_digit         mc_t.l(scanf_fp.o)
    0x400040fe   0x00000002   PAD
    0x40004100   0x00000710   Code   RO         1074    i._printf_core      mc_t.l(printfa.o)
    0x40004810   0x00000026   Code   RO         1075    i._printf_post_padding  mc_t.l(printfa.o)
    0x40004836   0x00000032   Code   RO         1076    i._printf_pre_padding  mc_t.l(printfa.o)
    0x40004868   0x0000000a   Code   RO         1078    i._sputc            mc_t.l(printfa.o)
    0x40004872   0x00000002   PAD
    0x40004874   0x00000034   Code   RO          813    i.strtod            m_ts.l(strtod.o)
    0x400048a8   0x00000040   Data   RO           35    .constdata          lcd_4bit.o
    0x400048e8   0x00000010   Data   RO          205    .constdata          qep.o
    0x400048f8   0x00000009   Data   RO          250    .constdata          qhsm_dis.o
    0x40004901   0x00000003   PAD
    0x40004904   0x00000014   Data   RO          278    .constdata          qhsm_ini.o
    0x40004918   0x00000014   Data   RO          344    .constdata          qa_ctor.o
    0x4000492c   0x00000008   Data   RO          379    .constdata          qa_fifo.o
    0x40004934   0x00000008   Data   RO          393    .constdata          qa_get_.o
    0x4000493c   0x00000008   Data   RO          407    .constdata          qa_lifo.o
    0x40004944   0x00000007   Data   RO          518    .constdata          qf_act.o
    0x4000494b   0x00000006   Data   RO          541    .constdata          qf_gc.o
    0x40004951   0x00000100   Data   RO          554    .constdata          qf_log2.o
    0x40004a51   0x00000008   Data   RO          583    .constdata          qf_pool.o
    0x40004a59   0x000000c3   Data   RO          635    .constdata          qf_pwr2.o
    0x40004b1c   0x00000009   Data   RO          700    .constdata          qmp_init.o
    0x40004b25   0x00000008   Data   RO          714    .constdata          qmp_put.o
    0x40004b2d   0x00000009   Data   RO          794    .constdata          qvanilla.o
    0x40004b36   0x00000040   Data   RO         1153    .constdata          mc_t.l(ctype_c.o)
    0x40004b76   0x00000002   PAD
    0x40004b78   0x00000195   Data   RO          179    .conststring        main.o
    0x40004d0d   0x00000003   PAD
    0x40004d10   0x00000020   Data   RO         1161    Region$$Table       anon$$obj.o


    Execution Region RW_IRAM1 (Base: 0x40005000, Size: 0x00000840, Max: 0x00002fff, ABSOLUTE)

    Base Addr    Size         Type   Attr      Idx    E Section Name        Object

    0x40005000   0x0000000c   Data   RW            2    .data               retarget.o
    0x4000500c   0x00000008   Data   RW           69    .data               serial.o
    0x40005014   0x00000008   Data   RW           83    .data               timer.o
    0x4000501c   0x00000002   Data   RW           97    .data               adc.o
    0x4000501e   0x00000002   PAD
    0x40005020   0x0000000c   Data   RW          112    .data               bsp.o
    0x4000502c   0x00000004   Data   RW          584    .data               qf_pool.o
    0x40005030   0x00000004   Data   RW          795    .data               qvanilla.o
    0x40005034   0x00000042   Zero   RW          111    .bss                bsp.o
    0x40005076   0x00000002   PAD
    0x40005078   0x00000240   Zero   RW          178    .bss                main.o
    0x400052b8   0x00000024   Zero   RW          517    .bss                qf_act.o
    0x400052dc   0x0000003c   Zero   RW          582    .bss                qf_pool.o
    0x40005318   0x00000020   Zero   RW          653    .bss                qf_tick.o
    0x40005338   0x00000508   Zero   RW           25    STACK               startup.o


==============================================================================

Image component sizes


      Code (inc. data)   RO Data    RW Data    ZI Data      Debug   Object Name

       244         20          0          2          0       1228   adc.o
      2528        172          0         12         66      18364   bsp.o
      4284        528          0          0          0       8476   calc.o
       764         16         64          0          0       3534   lcd_4bit.o
         0          0          0          0          0       1228   led.o
       124         20        405          0        576       1150   main.o
        44          4         20          0          0       1127   qa_ctor.o
         0          0          0          0          0        960   qa_defer.o
       272         12          8          0          0       1760   qa_fifo.o
       304         16          8          0          0       1870   qa_get_.o
       216         12          8          0          0       1664   qa_lifo.o
         0          0         16          0          0        831   qep.o
        44          0          0          0          0       1207   qeq_init.o
       216          8          7          0         36       4188   qf_act.o
       144         12          6          0          0       1560   qf_gc.o
         0          0        256          0          0        754   qf_log2.o
       192         12          8          4         60       1737   qf_pool.o
         0          0        195          0          0        941   qf_pwr2.o
         0          0          0          0         32       1002   qf_tick.o
      1080         20          9          0          0       2417   qhsm_dis.o
       380         24         20          0          0       2035   qhsm_ini.o
        12          0          0          0          0        631   qhsm_top.o
       256          4          9          0          0       1810   qmp_init.o
       116          4          8          0          0       1601   qmp_put.o
       384         24          9          4          0       2548   qvanilla.o
       112          0          0         12          0       4373   retarget.o
       436         16          0          8          0       1748   serial.o
       372         52          0          0       1288        376   startup.o
       100          0          0          0          0        280   swi_interrup.o
       232         20          0          8          0       1005   timer.o

    ----------------------------------------------------------------------
     12876       1000       1094         52       2060      72405   Object Totals
        20          4         32          0          0          0   (incl. Generated)
         0          0          6          2          2          0   (incl. Padding)

    ----------------------------------------------------------------------

      Code (inc. data)   RO Data    RW Data    ZI Data      Debug   Library Member Name

        52          0          0          0          0         84   strtod.o
        68          0          0          0          0         76   _sgetc.o
        36          4         64          0          0         60   ctype_c.o
         0          0          0          0          0          0   entry.o
         0          0          0          0          0          0   entry10a.o
         0          0          0          0          0          0   entry11a.o
         8          4          0          0          0          0   entry2.o
         4          0          0          0          0          0   entry5.o
         0          0          0          0          0          0   entry7b.o
         0          0          0          0          0          0   entry8b.o
        12          4          0          0          0          0   entry9a.o
        56          0          0          0          0          0   handlers.o
        42          8          0          0          0        136   init.o
        20          0          0          0          0         80   isspace_c.o
         0          0          0          0          0          0   iusefp.o
       130          0          0          0          0        100   llmul.o
        34          0          0          0          0         72   llshl.o
        40          0          0          0          0         72   llsshr.o
        36          0          0          0          0         72   llushr.o
        74          0          0          0          0         72   memmovea.o
        50          0          0          0          0        112   memseta.o
         2          0          0          0          0         60   printf1.o
      2342        104          0          0          0        608   printfa.o
         2          0          0          0          0         60   printfb.o
       892         12          0          0          0        256   scanf_fp.o
        26          0          0          0          0         60   strcpy.o
       176         18          0          0          0        132   strtod.o
        46          0          0          0          0         72   uidiv.o
       104          0          0          0          0         96   uldiv.o
        48          0          0          0          0         68   cdcmple.o
        40          0          0          0          0         68   cdrcmple.o
        60          0          0          0          0         80   d2f.o
       368          4          0          0          0        152   dadd.o
       252          6          0          0          0         96   ddiv.o
       242          0          0          0          0        232   depilogue.o
        68         10          0          0          0         80   dfixul.o
        28          4          0          0          0         76   dfltul.o
       220          6          0          0          0        100   dmul.o
       130          0          0          0          0        144   fepilogue.o

    ----------------------------------------------------------------------
      5724        184         66          0          0       3376   Library Totals
        16          0          2          0          0          0   (incl. Padding)

    ----------------------------------------------------------------------

      Code (inc. data)   RO Data    RW Data    ZI Data      Debug   Library Name

        52          0          0          0          0         84   m_ts.l
      4200        154         64          0          0       2196   mc_t.l
      1456         30          0          0          0       1096   mf_t.l

    ----------------------------------------------------------------------
      5724        184         66          0          0       3376   Library Totals

    ----------------------------------------------------------------------

==============================================================================


      Code (inc. data)   RO Data    RW Data    ZI Data      Debug   

     18600       1184       1160         52       2060      72921   Grand Totals
     18600       1184       1160         52       2060      72921   ELF Image Totals
     18600       1184       1160         52          0          0   ROM Totals

==============================================================================

    Total RO  Size (Code + RO Data)                19760 (  19.30kB)
    Total RW  Size (RW Data + ZI Data)              2112 (   2.06kB)
    Total ROM Size (Code + RO Data + RW Data)      19812 (  19.35kB)

==============================================================================

