<html>
<body>
<pre>
<h1>µVision Build Log</h1>
<h2>Project:</h2>
C:\EventDrivenSystems\Keil\arm7tdmi_sa\blinky\blinky.uvproj
Project File Date:  05/13/2012

<h2>Output:</h2>
assembling LPC2300.s...
src\LPC2300.s - 0 Error(s), 0 Warning(s).
compiling Retarget.c...
src\Retarget.c - 0 Error(s), 0 Warning(s).
compiling Serial.c...
src\Serial.c - 0 Error(s), 0 Warning(s).
compiling Blinky.c...
src\Blinky.c - 0 Error(s), 0 Warning(s).
compiling IRQ.c...
src\IRQ.c - 0 Error(s), 0 Warning(s).
compiling LCD_4bit.c...
src\LCD_4bit.c - 0 Error(s), 0 Warning(s).
Build target 'blinky'
assembling LPC2300.s...
compiling Retarget.c...
compiling Serial.c...
compiling Blinky.c...
compiling IRQ.c...
compiling LCD_4bit.c...
linking...
Program Size: Code=3952 RO-data=156 RW-data=12 ZI-data=1388  
".\objs\blinky.axf" - 0 Error(s), 0 Warning(s).
