<html>
<body>
<pre>
<h1>µVision Build Log</h1>
<h2>Project:</h2>
C:\SVN\Software\Projects\Seminars\EventDrivenSystems\Templates\CPU_Platforms\ARM\ARM7\MCB2300\bomb1\bomb1.uvproj
Project File Date:  03/18/2014

<h2>Output:</h2>
assembling startup.s...
"..\..\..\..\..\..\..\..\..\..\Hardware\CPU_Platforms\ARM\ARM7\MCB2300\startup\startup.s" - 0 Errors, 0 Warning(s).
compiling qmbsp.c...
..\qmbsp\qmbsp.c(22): warning:  #223-D: function "Init_timer0" declared implicitly
"..\qmbsp\qmbsp.c" - 0 Errors, 1 Warning(s).
compiling LCD_4bit.c...
"..\..\..\..\..\..\..\..\..\..\Hardware\CPU_Platforms\ARM\ARM7\MCB2300\drivers\LCD_4bit.c" - 0 Errors, 0 Warning(s).
compiling bomb1.c...
"src\bomb1.c" - 0 Errors, 0 Warning(s).
Build target 'bomb1'
compiling QEP_timer.c...
..\..\..\..\..\..\..\..\..\..\Hardware\CPU_Platforms\ARM\ARM7\MCB2300\drivers\QEP_timer.c(14): error:  #5: cannot open source input file "qp_port.h": No such file or directory
compiling Serial.c...
..\..\..\..\..\..\..\..\..\..\Hardware\CPU_Platforms\ARM\ARM7\MCB2300\drivers\Serial.c(15): error:  #5: cannot open source input file "qp_port.h": No such file or directory
".\obj\bomb1.axf" - 2 Errors, 0 Warning(s).
Target not created
Build target 'bomb1'
compiling LCD_4bit.c...
compiling QEP_timer.c...
compiling Serial.c...
compiling bomb1.c...
compiling qmbsp.c...
..\qmbsp\qmbsp.c(22): warning:  #223-D: function "Init_timer0" declared implicitly
linking...
.\obj\bomb1.axf: Error: L6218E: Undefined symbol T_SWI_Handler (referred from startup.o).
.\obj\bomb1.axf: Error: L6218E: Undefined symbol QF_tickX (referred from qep_timer.o).
.\obj\bomb1.axf: Error: L6218E: Undefined symbol BSP_boom (referred from bomb1.o).
.\obj\bomb1.axf: Error: L6218E: Undefined symbol _getch (referred from bomb1.o).
.\obj\bomb1.axf: Error: L6218E: Undefined symbol _kbhit (referred from bomb1.o).
".\obj\bomb1.axf" - 5 Errors, 1 Warning(s).
Target not created
Build target 'bomb1'
assembling swi_interrup.s...
compiling LCD_4bit.c...
compiling QEP_timer.c...
compiling Serial.c...
compiling bomb1.c...
compiling qmbsp.c...
..\qmbsp\qmbsp.c(22): warning:  #223-D: function "Init_timer0" declared implicitly
linking...
.\obj\bomb1.axf: Error: L6218E: Undefined symbol QF_tickX (referred from qep_timer.o).
".\obj\bomb1.axf" - 1 Errors, 1 Warning(s).
Target not created
Build target 'bomb1'
compiling QEP_timer.c...
linking...
Program Size: Code=8444 RO-data=248 RW-data=32 ZI-data=5736  
".\obj\bomb1.axf" - 0 Errors, 0 Warning(s).
